 flmonflt

 Timestamp is 4ee66d29 (Mon Dec 12 22:07:53 2011)

 Preferred load address is 00010000

 Start         Length     Name                   Class
 0001:00000000 000021b8H .text                   CODE
 0001:000021c0 000011c3H .text$s                 CODE
 0002:00000000 000000b4H .idata$5                DATA
 0002:000000c0 000000e0H .rdata                  DATA
 0002:000001a0 00000061H .rdata$debug            DATA
 0003:00000000 00000008H .data                   DATA
 0003:00000020 000000acH .bss                    DATA
 0004:00000000 0000004eH INIT                    CODE
 0004:00000050 0000003cH .idata$2                CODE
 0004:0000008c 00000014H .idata$3                CODE
 0004:000000a0 000000b4H .idata$4                CODE
 0004:00000154 0000039eH .idata$6                CODE

  Address         Publics by Value              Rva+Base       Lib:Object

 0000:00000000       ___safe_se_handler_count   00000000     <absolute>
 0000:00000000       ___safe_se_handler_table   00000000     <absolute>
 0001:00000010       _FlStopFiltering@0         00011010 f   filemon.obj
 0001:00000060       _FlStartFiltering@0        00011060 f   filemon.obj
 0001:000000b0       _FlFilterState@0           000110b0 f   filemon.obj
 0001:000000d0       _DriverEntry@8             000110d0 f   filemon.obj
 0001:000004b0       _DriverUnload@4            000114b0 f   filemon.obj
 0001:00000560       _FlPostCreate@16           00011560 f   filemon.obj
 0001:00000790       _FlPreCleanup@12           00011790 f   filemon.obj
 0001:00000790       _FlPreCreate@12            00011790 f   filemon.obj
 0001:000007f0       _FlPreRead@12              000117f0 f   filemon.obj
 0001:00000870       _FlPostRead@16             00011870 f   filemon.obj
 0001:00000950       _FlUserspaceConnect@20     00011950 f   filemon.obj
 0001:000009d0       _DbgRaiseAssertionFailure@0 000119d0 f i filemon.obj
 0001:000009e0       _FlUserspaceDisconnect@4   000119e0 f   filemon.obj
 0001:00000a60       _FlUserspaceNotify@24      00011a60 f   filemon.obj
 0001:00000c20       _DirectoriesToWatchInit@0  00011c20 f   fldirectorylist.obj
 0001:00000d00       _RtlInitEmptyUnicodeString@12 00011d00 f i fldirectorylist.obj
 0001:00000d30       _DirectoryToWatchExists@4  00011d30 f   fldirectorylist.obj
 0001:00000db0       _DirectoriesToWatchAdd@4   00011db0 f   fldirectorylist.obj
 0001:00000e90       _DirectoriesToWatchClear@4 00011e90 f   fldirectorylist.obj
 0001:00000f10       _DirectoriesToWatchPathValid@4 00011f10 f   fldirectorylist.obj
 0001:00000f70       _KMutexInit@4              00011f70 f   flmutex.obj
 0001:00000f90       _KMutexAquire@4            00011f90 f   flmutex.obj
 0001:00000fd0       _KMutexRelease@4           00011fd0 f   flmutex.obj
 0001:00001000       _FlTrackerInit@4           00012000 f   fltracker.obj
 0001:00001060       _FlTrackerAddEntry@12      00012060 f   fltracker.obj
 0001:00001210       _FlTrackerGetLastEntry@12  00012210 f   fltracker.obj
 0001:000012a0       _FlTrackerClean@4          000122a0 f   fltracker.obj
 0001:00001380       _FlTrackerPrintListDbg@4   00012380 f   fltracker.obj
 0001:000014e0       _FlTrackerEntryPrint@4     000124e0 f   fltracker.obj
 0001:000015b0       _FlTrackerInfoToUserspace@4 000125b0 f   fltracker.obj
 0001:00001930       _FlTrackerSetRead@8        00012930 f   fltracker.obj
 0001:000019a0       _FlTrackerEntryValid@4     000129a0 f   fltracker.obj
 0001:000019f0       _FlTrackerSetLastEntry@4   000129f0 f   fltracker.obj
 0001:00001a30       _FlTrackerGetBestEntry@4   00012a30 f   fltracker.obj
 0001:00001b60       _UcFilenameInit@4          00012b60 f   flucfilename.obj
 0001:00001be0       _UcFilenameFree@4          00012be0 f   flucfilename.obj
 0001:00001c40       _UcFilenameCopy@8          00012c40 f   flucfilename.obj
 0001:00001c80       _UcFilenameEqual@8         00012c80 f   flucfilename.obj
 0001:00001cd0       _UcFilenameStartsWith@8    00012cd0 f   flucfilename.obj
 0001:00001d10       _FlTimerThreadCreate@0     00012d10 f   fltimerthread.obj
 0001:00001e40       _FlTimerThreadStop@0       00012e40 f   fltimerthread.obj
 0001:00001f10       _TimerThreadExecRoutine@4  00012f10 f   fltimerthread.obj
 0001:000020be       @__security_check_cookie@4 000130be f   BufferOverflowK:secchk.obj
 0001:000020d3       ___report_gsfailure        000130d3 f   BufferOverflowK:gs_report.obj
 0001:000020fe       _DbgPrint                  000130fe f   ntoskrnl:ntoskrnl.exe
 0001:0000210a       _memset                    0001310a f   ntoskrnl:ntoskrnl.exe
 0001:00002116       _memcpy                    00013116 f   ntoskrnl:ntoskrnl.exe
 0001:00002122       _FltCloseCommunicationPort@4 00013122 f   fltMgr:FLTMGR.SYS
 0001:0000212e       _FltUnregisterFilter@4     0001312e f   fltMgr:FLTMGR.SYS
 0001:0000213a       _FltStartFiltering@4       0001313a f   fltMgr:FLTMGR.SYS
 0001:00002146       _FltFreeSecurityDescriptor@4 00013146 f   fltMgr:FLTMGR.SYS
 0001:00002152       _FltCreateCommunicationPort@32 00013152 f   fltMgr:FLTMGR.SYS
 0001:0000215e       _FltBuildDefaultSecurityDescriptor@8 0001315e f   fltMgr:FLTMGR.SYS
 0001:0000216a       _FltRegisterFilter@12      0001316a f   fltMgr:FLTMGR.SYS
 0001:00002176       _FltGetFileNameInformation@12 00013176 f   fltMgr:FLTMGR.SYS
 0001:00002182       _FltIsDirectory@12         00013182 f   fltMgr:FLTMGR.SYS
 0001:0000218e       _FltReleaseFileNameInformation@4 0001318e f   fltMgr:FLTMGR.SYS
 0001:0000219a       _FltParseFileNameInformation@4 0001319a f   fltMgr:FLTMGR.SYS
 0001:000021a6       _FltCloseClientPort@8      000131a6 f   fltMgr:FLTMGR.SYS
 0001:000021b2       _FltSendMessage@28         000131b2 f   fltMgr:FLTMGR.SYS
 0001:000021c0       ??_C@_0BN@HGBEOAFB@?$FLflmonflt?$FN?5Filter?5disabled?4?6?$AA@FNODOBFM@ 000131c0     filemon.obj
 0001:000021e0       ??_C@_0CF@FHAPKEBM@?$FLflmonflt?$FN?5Filter?5already?5disabl@FNODOBFM@ 000131e0     filemon.obj
 0001:00002210       ??_C@_0BP@CJOJGOFB@?$FLflmonflt?$FN?5Filter?5now?5active?4?6?$AA@FNODOBFM@ 00013210     filemon.obj
 0001:00002230       ??_C@_0CD@INNPAKPK@?$FLflmonflt?$FN?5Filter?5already?5active@FNODOBFM@ 00013230     filemon.obj
 0001:00002260       ??_C@_0CM@LNABGHJJ@?$FLflmonflt?$FN?5Driver?5initialisation@FNODOBFM@ 00013260     filemon.obj
 0001:00002290       ??_C@_0CI@HNHDMLOC@?$FLflmonflt?$FN?5FltStartFiltering?5ERR@FNODOBFM@ 00013290     filemon.obj
 0001:000022c0       ??_C@_0CE@ELEHEILK@?$FLflmonflt?$FN?5Port?5creation?5finishe@FNODOBFM@ 000132c0     filemon.obj
 0001:000022f0       ??_C@_0CB@NILLAGHO@?$FLflmonflt?$FN?5Port?5creation?5failed?4@FNODOBFM@ 000132f0     filemon.obj
 0001:00002320       ??_C@_1BO@IGGINGJM@?$AA?2?$AAF?$AAl?$AAF?$AAi?$AAl?$AAe?$AAM?$AAo?$AAn?$AAi?$AAt?$AAo?$AAr?$AA?$AA@FNODOBFM@ 00013320     filemon.obj
 0001:00002340       ??_C@_01EEMJAFIK@?6?$AA@FNODOBFM@ 00013340     filemon.obj
 0001:00002350       ??_C@_0BD@FAIDAAMB@UNKNOWN?5ERROR?50x?$CFx?$AA@FNODOBFM@ 00013350     filemon.obj
 0001:00002370       ??_C@_0BL@KCJGOPCJ@STATUS_FLT_NOT_INITIALIZED?$AA@FNODOBFM@ 00013370     filemon.obj
 0001:00002390       ??_C@_0BJ@CHCEKHNN@STATUS_INVALID_PARAMETER?$AA@FNODOBFM@ 00013390     filemon.obj
 0001:000023b0       ??_C@_0BO@GKEDLFHB@STATUS_INSUFFICIENT_RESOURCES?$AA@FNODOBFM@ 000133b0     filemon.obj
 0001:000023d0       ??_C@_0CH@CEIJHFMM@?$FLflmonflt?$FN?5Filter?5registration?5f@FNODOBFM@ 000133d0     filemon.obj
 0001:00002400       ??_C@_0DF@CPLDFGIG@?$FLflmonflt?$FN?5Timer?5thread?5creation@FNODOBFM@ 00013400     filemon.obj
 0001:00002440       ??_C@_0BL@FLMJHKML@?$FLflmonflt?$FN?5Checked?5build?4?6?$AA@FNODOBFM@ 00013440     filemon.obj
 0001:00002460       ??_C@_0EF@JEADKJNF@?$FLflmonflt?$FN?5Filemonitor?5Filter?5Dr@FNODOBFM@ 00013460     filemon.obj
 0001:000024b0       ??_C@_0L@EANPGPAM@1?40?40?5Beta?$AA@FNODOBFM@ 000134b0     filemon.obj
 0001:000024c0       ??_C@_0BN@DFCIGNCC@?$FLflmonflt?$FN?5Driver?5unloaded?4?6?$AA@FNODOBFM@ 000134c0     filemon.obj
 0001:000024e0       ??_C@_0ED@PPOKNEAE@?$FLflmonflt?3POSTOP?3MJ_CREATE?$FN?5FlTr@FNODOBFM@ 000134e0     filemon.obj
 0001:00002530       ??_C@_0CF@MPDHJDKL@?$FLflmonflt?$FN?5SL_OPEN_TARGET_DIRECT@FNODOBFM@ 00013530     filemon.obj
 0001:00002560       ??_C@_0EA@HCLEHEAM@?$FLflmonflt?3POSTOP?3MJ_CREATE?$FN?5FltI@FNODOBFM@ 00013560     filemon.obj
 0001:000025a0       ??_C@_0DC@KILBJFGM@?$FLflmonflt?3POSTOP?3MJ_CREATE?$FN?5File@FNODOBFM@ 000135a0     filemon.obj
 0001:000025e0       ??_C@_0FG@KOAGDN@?$FLflmonflt?3POSTOP?3MJ_READ?$FN?5FltGet@FNODOBFM@ 000135e0     filemon.obj
 0001:00002640       ??_C@_0EL@LMOIIGMN@?$FLflmonflt?3POSTOP?3MJ_READ?$FN?5FltPar@FNODOBFM@ 00013640     filemon.obj
 0001:00002690       ??_C@_0EG@FGLDPFAM@?$FLflmonflt?3POSTOP?3MJ_READ?$FN?5Error?5@FNODOBFM@ 00013690     filemon.obj
 0001:000026e0       ??_C@_0CF@FOPNHIJF@EX?3?5Pageable?5code?5called?5at?5IRQL@FNODOBFM@ 000136e0     filemon.obj
 0001:00002710       ??_C@_0CB@BHBMIMGE@?$FLflmonflt?$FN?5Userspace?5connected?4?6@FNODOBFM@ 00013710     filemon.obj
 0001:00002740       ??_C@_0CE@ODLJGGGJ@?$FLflmonflt?$FN?5Userspace?5disconnecte@FNODOBFM@ 00013740     filemon.obj
 0001:00002770       ??_C@_0DG@OHMKKDNH@?$FLflmonflt?$FN?5Userspace?5notify?0?5Inv@FNODOBFM@ 00013770     filemon.obj
 0001:000027b0       ??_C@_0BO@IFDACPIL@?$FLflmonflt?$FN?5Filter?5state?3?5?$CFd?4?6?$AA@FNODOBFM@ 000137b0     filemon.obj
 0001:000027d0       ??_C@_0DK@GBLLNDCM@?$FLflmonflt?$FN?5Userspace?5notify?0?5Inv@FNODOBFM@ 000137d0     filemon.obj
 0001:00002810       ??_C@_0DB@DKINAJCH@?$FLflmonflt?$FN?5Userspace?5notify?0?5siz@FNODOBFM@ 00013810     filemon.obj
 0001:00002850       ??_C@_0DG@KECOKOK@?$FLflmonflt?$FN?5Userspace?5notify?0?5Inv@FNODOBFM@ 00013850     filemon.obj
 0001:00002890       ??_C@_1IC@JJLLICNC@?$AA?2?$AAD?$AAe?$AAv?$AAi?$AAc?$AAe?$AA?2?$AAH?$AAa?$AAr?$AAd?$AAd?$AAi?$AAs?$AAk?$AAV?$AAo?$AAl?$AAu?$AAm?$AAe?$AA1?$AA?2?$AAU?$AAs?$AAe?$AAr?$AAs?$AA?2?$AAA?$AAd@FNODOBFM@ 00013890     fldirectorylist.obj
 0001:00002920       ??_C@_0CF@CEADGJFL@?$FLflmonflt?$FN?5Directory?5list?5count?3@FNODOBFM@ 00013920     fldirectorylist.obj
 0001:00002950       ??_C@_0CI@IGDNACBC@?$FLflmonflt?$FN?5Directory?5list?5initia@FNODOBFM@ 00013950     fldirectorylist.obj
 0001:00002980       ??_C@_0CB@EJCKPAAP@?$FLflmonflt?$FN?5Directory?5added?3?5?$CFwZ?6@FNODOBFM@ 00013980     fldirectorylist.obj
 0001:000029b0       ??_C@_0CC@DHNAKFNE@?$FLflmonflt?$FN?5Directory?5exists?3?5?$CFwZ@FNODOBFM@ 000139b0     fldirectorylist.obj
 0001:000029e0       ??_C@_0CB@PGDKIMPP@?$FLflmonflt?$FN?5Directory?5list?5full?4?6@FNODOBFM@ 000139e0     fldirectorylist.obj
 0001:00002a10       ??_C@_0CE@GLCGLEEP@?$FLflmonflt?$FN?5Directory?5list?5cleare@FNODOBFM@ 00013a10     fldirectorylist.obj
 0001:00002a40       ??_C@_0CF@JOAEPMNF@?$FLflmonflt?$FN?5Clearing?5directory?5li@FNODOBFM@ 00013a40     fldirectorylist.obj
 0001:00002a70       ??_C@_0CB@GNOJHBNJ@?$FLflmonflt?$FN?5Tracker?5initialized?4?6@FNODOBFM@ 00013a70     fltracker.obj
 0001:00002aa0       ??_C@_0CB@CFKNMECN@?$FLflmonflt?$FN?5Tracker?5init?5failed?4?6@FNODOBFM@ 00013aa0     fltracker.obj
 0001:00002ad0       ??_C@_0BF@IPKPFFAG@?$FLflmonflt?$FN?5?9?$DO?5?8?$CFwZ?8?6?$AA@FNODOBFM@ 00013ad0     fltracker.obj
 0001:00002af0       ??_C@_0CP@PFCAJEDF@?$FLflmonflt?$FN?5Tracker?5add?0?5str?5init@FNODOBFM@ 00013af0     fltracker.obj
 0001:00002b20       ??_C@_0DE@KCGHKAHB@?$FLflmonflt?$FN?5Tracker?5add?0?5entry?5al@FNODOBFM@ 00013b20     fltracker.obj
 0001:00002b60       ??_C@_0BF@GEOGCCHP@?$FLflmonflt?$FN?5?$CL?$CL?5?8?$CFwZ?8?6?$AA@FNODOBFM@ 00013b60     fltracker.obj
 0001:00002b80       ??_C@_0DH@NMFJAOGF@?$FLflmonflt?$FN?5Tracker?5?$CFd?5entries?5re@FNODOBFM@ 00013b80     fltracker.obj
 0001:00002bc0       ??_C@_0CD@DEAOLMKO@?$FLflmonflt?$FN?5Tracker?5empty?5in?5free@FNODOBFM@ 00013bc0     fltracker.obj
 0001:00002bf0       ??_C@_0DN@JACCMLJE@?$FLflmonflt?$FN?5ERROR?3?5Tracker?5had?5mu@FNODOBFM@ 00013bf0     fltracker.obj
 0001:00002c30       ??_C@_0DJ@JOIHMPBM@?$FLflmonflt?$FN?5Tracker?5dbgprint?5end?5@FNODOBFM@ 00013c30     fltracker.obj
 0001:00002c70       ??_C@_0CG@HKCIGCNO@?5Path?3?5?$CFwZ?0?5Count?3?5?$CFd?0?5Readstate@FNODOBFM@ 00013c70     fltracker.obj
 0001:00002ca0       ??_C@_03EDEDJBEE@FIL?$AA@FNODOBFM@ 00013ca0     fltracker.obj
 0001:00002cb0       ??_C@_03DNALGGBA@DIR?$AA@FNODOBFM@ 00013cb0     fltracker.obj
 0001:00002cc0       ??_C@_06POKNCOAC@INVAL?5?$AA@FNODOBFM@ 00013cc0     fltracker.obj
 0001:00002cd0       ??_C@_06HPJKIGIE@VALID?5?$AA@FNODOBFM@ 00013cd0     fltracker.obj
 0001:00002ce0       ??_C@_0BA@JHNJODD@?$FLftmonflt?$FN?5?$CFd?3?5?$AA@FNODOBFM@ 00013ce0     fltracker.obj
 0001:00002cf0       ??_C@_0DM@HJDNMPNH@?$FLflmonflt?$FN?5Tracker?5dbgprint?5begi@FNODOBFM@ 00013cf0     fltracker.obj
 0001:00002d30       ??_C@_0M@GGLMIFNG@?$FLftmonflt?$FN?5?$AA@FNODOBFM@ 00013d30     fltracker.obj
 0001:00002d40       ??_C@_0BP@MOMJIDOM@?$FLftmonflt?$FN?5Trackerentry?5NULL?4?6?$AA@FNODOBFM@ 00013d40     fltracker.obj
 0001:00002d60       ??_C@_0EM@MALNKGCC@?$FLflmonflt?3?3FlTrackerInfoToUsersp@FNODOBFM@ 00013d60     fltracker.obj
 0001:00002db0       ??_C@_0BL@GHFIMKIO@?$FLflmonflt?$FN?5Send?5error?5?$CFd?4?6?$AA@FNODOBFM@ 00013db0     fltracker.obj
 0001:00002dd0       ??_C@_0BM@HLAKACOO@?$FLflmonflt?$FN?5Send?5timed?5out?4?6?$AA@FNODOBFM@ 00013dd0     fltracker.obj
 0001:00002df0       ??_C@_0CC@PNBCBCFF@?$FLflmonflt?$FN?5Send?5OK?3?5len?$DN?$CFd?0?5?8?$CFs?8@FNODOBFM@ 00013df0     fltracker.obj
 0001:00002e20       ??_C@_0BO@NGMFKHML@?$FLflmonflt?$FN?5Notify?5Type?3?5?8?$CFc?8?6?$AA@FNODOBFM@ 00013e20     fltracker.obj
 0001:00002e40       ??_C@_0BO@KGGHJDFP@?$FLflmonflt?$FN?5Memcopy?$CI?$CFd?$CJ?3?5?8?$CFs?8?6?$AA@FNODOBFM@ 00013e40     fltracker.obj
 0001:00002e60       ??_C@_0CI@MCPANMDK@?$FLflmonflt?$FN?5Converted?5to?5ansi?$CI?$CFd?$CJ@FNODOBFM@ 00013e60     fltracker.obj
 0001:00002e90       ??_C@_0BN@JLFBKILL@?$FLflmonflt?$FN?5Sending?5message?4?6?$AA@FNODOBFM@ 00013e90     fltracker.obj
 0001:00002eb0       ??_C@_0DN@HCFFDLCG@?$FLflmonflt?3?3FlTrackerInfoToUsersp@FNODOBFM@ 00013eb0     fltracker.obj
 0001:00002ef0       ??_C@_0FD@HCBMMKOD@?$FLflmonflt?3?3FlTrackerInfoToUsersp@FNODOBFM@ 00013ef0     fltracker.obj
 0001:00002f50       ??_C@_0BC@OEEAKBKE@?$FLflmonflt?$FN?5R?5?$CFwZ?6?$AA@FNODOBFM@ 00013f50     fltracker.obj
 0001:00002f70       ??_C@_0CO@MLPFCDE@?$FLflmonflt?$FN?5UcFilenameInit?3?5STATU@FNODOBFM@ 00013f70     flucfilename.obj
 0001:00002fa0       ??_C@_0DG@MLOMFLFE@?$FLflmonflt?$FN?5UcFilenameFree?3?5STATU@FNODOBFM@ 00013fa0     flucfilename.obj
 0001:00002fe0       ??_C@_0DI@OGAGEEIL@?$FLflmonflt?$FN?5UcFilenameCopy?3?5?$CI?$CBSrc@FNODOBFM@ 00013fe0     flucfilename.obj
 0001:00003020       ??_C@_0DJ@OPJDJFDM@?$FLflmonflt?$FN?5UcFilenameEqual?3?5?$CI?$CBSr@FNODOBFM@ 00014020     flucfilename.obj
 0001:00003060       ??_C@_0DO@GPEFODGP@?$FLflmonflt?$FN?5UcFilenameStartsWith?3@FNODOBFM@ 00014060     flucfilename.obj
 0001:000030a0       ??_C@_0CM@DCMCJEBB@?$FLflmonflt?$FN?5PsCreateSystemThread?5@FNODOBFM@ 000140a0     fltimerthread.obj
 0001:000030d0       ??_C@_0CO@EKGCDDGM@?$FLflmonflt?$FN?5PsCreateSystemThread?5@FNODOBFM@ 000140d0     fltimerthread.obj
 0001:00003100       ??_C@_0CB@CJENCNFM@?$FLflmonflt?$FN?5Thread?5dereferenced?4?6@FNODOBFM@ 00014100     fltimerthread.obj
 0001:00003130       ??_C@_0DB@DAIFMBAP@?$FLflmonflt?$FN?5Thread?5exited?0?5derefe@FNODOBFM@ 00014130     fltimerthread.obj
 0001:00003170       ??_C@_0CI@KDNMCIKF@?$FLflmonflt?$FN?5Waiting?5for?5thread?5to@FNODOBFM@ 00014170     fltimerthread.obj
 0001:000031a0       ??_C@_0CD@LLKBHHHH@?$FLflmonflt?$FN?5Stopping?5timer?5thread@FNODOBFM@ 000141a0     fltimerthread.obj
 0001:000031d0       ??_C@_0CP@FBFHCBJK@?$FLflmonflt?$FN?5Terminating?5timer?5thr@FNODOBFM@ 000141d0     fltimerthread.obj
 0001:00003200       ??_C@_0DL@KMDHKPCF@?$FLflmonflt?$FN?5?9?9?9?9?9?9?9?9?9?9?9?9?9?9?9?9?9?9?9?9?9@FNODOBFM@ 00014200     fltimerthread.obj
 0001:00003240       ??_C@_0DL@PMJNCAIG@?$FLflmonflt?$FN?5?$CK?$CK?$CK?$CK?$CK?$CK?$CK?$CK?$CK?$CK?$CK?$CK?$CK?$CK?$CK?$CK?$CK?$CK?$CK?$CK?$CK@FNODOBFM@ 00014240     fltimerthread.obj
 0001:00003280       ??_C@_0DL@IENAPFMG@?$FLflmonflt?$FN?5?$CK?$CK?$CK?$CK?$CK?$CK?$CK?$CK?$CK?$CK?$CK?$CK?$CK?$CK?$CK?5Timer@FNODOBFM@ 00014280     fltimerthread.obj
 0001:000032c0       ??_C@_0BL@PIHADEAG@?$FLflmonflt?$FN?5Timer?5elapsed?4?6?$AA@FNODOBFM@ 000142c0     fltimerthread.obj
 0001:000032e0       ??_C@_0CJ@JFMDFHEE@?$FLflmonflt?$FN?5Waiting?5for?5timer?5to?5@FNODOBFM@ 000142e0     fltimerthread.obj
 0001:00003310       ??_C@_0EC@JAIKLJDK@?$FLflmonflt?$FN?5Terminating?5timer?5thr@FNODOBFM@ 00014310     fltimerthread.obj
 0001:00003360       ??_C@_0CD@NKDKOBND@?$FLflmonflt?$FN?5Starting?5timer?5thread@FNODOBFM@ 00014360     fltimerthread.obj
 0002:00000000       __imp__FltCloseClientPort@8 00015000     fltMgr:FLTMGR.SYS
 0002:00000004       __imp__FltParseFileNameInformation@4 00015004     fltMgr:FLTMGR.SYS
 0002:00000008       __imp__FltReleaseFileNameInformation@4 00015008     fltMgr:FLTMGR.SYS
 0002:0000000c       __imp__FltIsDirectory@12   0001500c     fltMgr:FLTMGR.SYS
 0002:00000010       __imp__FltGetFileNameInformation@12 00015010     fltMgr:FLTMGR.SYS
 0002:00000014       __imp__FltRegisterFilter@12 00015014     fltMgr:FLTMGR.SYS
 0002:00000018       __imp__FltBuildDefaultSecurityDescriptor@8 00015018     fltMgr:FLTMGR.SYS
 0002:0000001c       __imp__FltCreateCommunicationPort@32 0001501c     fltMgr:FLTMGR.SYS
 0002:00000020       __imp__FltFreeSecurityDescriptor@4 00015020     fltMgr:FLTMGR.SYS
 0002:00000024       __imp__FltStartFiltering@4 00015024     fltMgr:FLTMGR.SYS
 0002:00000028       __imp__FltUnregisterFilter@4 00015028     fltMgr:FLTMGR.SYS
 0002:0000002c       __imp__FltCloseCommunicationPort@4 0001502c     fltMgr:FLTMGR.SYS
 0002:00000030       __imp__FltSendMessage@28   00015030     fltMgr:FLTMGR.SYS
 0002:00000034       \177FLTMGR_NULL_THUNK_DATA 00015034     fltMgr:FLTMGR.SYS
 0002:00000038       __imp__KeGetCurrentIrql@0  00015038     hal:HAL.dll
 0002:0000003c       \177HAL_NULL_THUNK_DATA    0001503c     hal:HAL.dll
 0002:00000040       __imp__RtlPrefixUnicodeString@12 00015040     ntoskrnl:ntoskrnl.exe
 0002:00000044       __imp__ZwClose@4           00015044     ntoskrnl:ntoskrnl.exe
 0002:00000048       __imp__ObReferenceObjectByHandle@24 00015048     ntoskrnl:ntoskrnl.exe
 0002:0000004c       __imp__KeCancelTimer@4     0001504c     ntoskrnl:ntoskrnl.exe
 0002:00000050       __imp__PsCreateSystemThread@28 00015050     ntoskrnl:ntoskrnl.exe
 0002:00000054       __imp__KeInitializeTimer@4 00015054     ntoskrnl:ntoskrnl.exe
 0002:00000058       __imp__memcpy              00015058     ntoskrnl:ntoskrnl.exe
 0002:0000005c       __imp_@ObfDereferenceObject@4 0001505c     ntoskrnl:ntoskrnl.exe
 0002:00000060       __imp__PsTerminateSystemThread@4 00015060     ntoskrnl:ntoskrnl.exe
 0002:00000064       __imp__KeClearEvent@4      00015064     ntoskrnl:ntoskrnl.exe
 0002:00000068       __imp__KeTickCount         00015068     ntoskrnl:ntoskrnl.exe
 0002:00000068       _KeTickCount               00015068     ntoskrnl:ntoskrnl.exe
 0002:0000006c       __imp__KeBugCheckEx@20     0001506c     ntoskrnl:ntoskrnl.exe
 0002:00000070       __imp__RtlUnicodeStringToAnsiString@12 00015070     ntoskrnl:ntoskrnl.exe
 0002:00000074       __imp__KeReleaseMutex@8    00015074     ntoskrnl:ntoskrnl.exe
 0002:00000078       __imp__KeWaitForSingleObject@20 00015078     ntoskrnl:ntoskrnl.exe
 0002:0000007c       __imp__KeInitializeMutex@8 0001507c     ntoskrnl:ntoskrnl.exe
 0002:00000080       __imp__RtlCopyUnicodeString@8 00015080     ntoskrnl:ntoskrnl.exe
 0002:00000084       __imp__RtlCompareUnicodeString@12 00015084     ntoskrnl:ntoskrnl.exe
 0002:00000088       __imp__memset              00015088     ntoskrnl:ntoskrnl.exe
 0002:0000008c       __imp__DbgPrint            0001508c     ntoskrnl:ntoskrnl.exe
 0002:00000090       __imp__IoGetTopLevelIrp@0  00015090     ntoskrnl:ntoskrnl.exe
 0002:00000094       __imp__KeSetTimer@16       00015094     ntoskrnl:ntoskrnl.exe
 0002:00000098       __imp__KeSetEvent@12       00015098     ntoskrnl:ntoskrnl.exe
 0002:0000009c       __imp__ExAllocatePool@8    0001509c     ntoskrnl:ntoskrnl.exe
 0002:000000a0       __imp__ExFreePoolWithTag@8 000150a0     ntoskrnl:ntoskrnl.exe
 0002:000000a4       __imp__RtlInitUnicodeString@8 000150a4     ntoskrnl:ntoskrnl.exe
 0002:000000a8       __imp__KeInitializeEvent@12 000150a8     ntoskrnl:ntoskrnl.exe
 0002:000000ac       __imp__DbgPrintEx          000150ac     ntoskrnl:ntoskrnl.exe
 0002:000000b0       \177ntoskrnl_NULL_THUNK_DATA 000150b0     ntoskrnl:ntoskrnl.exe
 0002:000000e0       _Callbacks                 000150e0     filemon.obj
 0002:00000130       _ContextRegistration       00015130     filemon.obj
 0002:00000168       _FilterRegistration        00015168     filemon.obj
 0003:00000000       ___security_cookie         00016000     BufferOverflowK:gs_support.obj
 0003:00000004       ___security_cookie_complement 00016004     BufferOverflowK:gs_support.obj
 0003:00000030       _ThreadSleepWakeup         00016030     <common>
 0003:00000040       _Timer                     00016040     <common>
 0003:00000080       _DebugPrintMutex           00016080     <common>
 0003:000000a0       _OcTracker                 000160a0     <common>
 0003:000000c8       _DriverInfoData            000160c8     <common>
 0004:00000005       ___security_init_cookie    00017005 f   BufferOverflowK:gs_support.obj
 0004:0000003e       _GsDriverEntry@8           0001703e f   BufferOverflowK:gs_support.obj
 0004:00000050       __IMPORT_DESCRIPTOR_ntoskrnl 00017050     ntoskrnl:ntoskrnl.exe
 0004:00000064       __IMPORT_DESCRIPTOR_HAL    00017064     hal:HAL.dll
 0004:00000078       __IMPORT_DESCRIPTOR_FLTMGR 00017078     fltMgr:FLTMGR.SYS
 0004:0000008c       __NULL_IMPORT_DESCRIPTOR   0001708c     ntoskrnl:ntoskrnl.exe

 entry point at        0004:0000003e

 Static symbols

