 flmonflt

 Timestamp is 4f1ef986 (Tue Jan 24 19:33:42 2012)

 Preferred load address is 00010000

 Start         Length     Name                   Class
 0001:00000000 00001cceH .text                   CODE
 0001:00001cce 00001030H .text$s                 CODE
 0002:00000000 000000a8H .idata$5                DATA
 0002:000000b0 00000128H .rdata                  DATA
 0002:000001d8 00000061H .rdata$debug            DATA
 0002:00000240 00000008H .rdata$sxdata           DATA
 0002:00000248 0000001cH .xdata$x                DATA
 0003:00000000 00000018H .data                   DATA
 0003:00000020 0000008cH .bss                    DATA
 0004:00000000 0000004eH INIT                    CODE
 0004:00000050 00000028H .idata$2                CODE
 0004:00000078 00000014H .idata$3                CODE
 0004:0000008c 000000a8H .idata$4                CODE
 0004:00000134 0000036eH .idata$6                CODE

  Address         Publics by Value              Rva+Base       Lib:Object

 0000:00000002       ___safe_se_handler_count   00000002     <absolute>
 0001:00000006       _FlStopFiltering@0         00011006 f   filemon.obj
 0001:00000036       _FlStartFiltering@0        00011036 f   filemon.obj
 0001:00000068       _DriverUnload@4            00011068 f   filemon.obj
 0001:000000fc       _FlPostCreate@16           000110fc f   filemon.obj
 0001:00000270       _FlPostCleanup@16          00011270 f   filemon.obj
 0001:000002e8       _FlPreCreate@12            000112e8 f   filemon.obj
 0001:000002e8       _FlPreRead@12              000112e8 f   filemon.obj
 0001:000002e8       _FlPreCleanup@12           000112e8 f   filemon.obj
 0001:00000328       _FlPostRead@16             00011328 f   filemon.obj
 0001:0000039e       _FlUserspaceConnect@20     0001139e f   filemon.obj
 0001:000003dc       _FlUserspaceDisconnect@4   000113dc f   filemon.obj
 0001:00000416       _FlUserspaceNotify@24      00011416 f   filemon.obj
 0001:000005a8       _DriverEntry@8             000115a8 f   filemon.obj
 0001:00000888       _DirectoryToWatchExists@4  00011888 f   fldirectorylist.obj
 0001:000008e6       _DirectoriesToWatchAdd@4   000118e6 f   fldirectorylist.obj
 0001:00000982       _DirectoriesToWatchClear@4 00011982 f   fldirectorylist.obj
 0001:000009e2       _DirectoriesToWatchPathValid@4 000119e2 f   fldirectorylist.obj
 0001:00000a20       _DirectoriesToWatchInit@0  00011a20 f   fldirectorylist.obj
 0001:00000aa8       _KMutexInit@4              00011aa8 f   flmutex.obj
 0001:00000ac2       _KMutexAquire@4            00011ac2 f   flmutex.obj
 0001:00000ae4       _KMutexRelease@4           00011ae4 f   flmutex.obj
 0001:00000b04       _FlTrackerInit@4           00011b04 f   fltracker.obj
 0001:00000b52       _FlTrackerRemoveEntry@12   00011b52 f   fltracker.obj
 0001:00000c6e       _FlTrackerGetLastEntry@12  00011c6e f   fltracker.obj
 0001:00000cc4       _FlTrackerClean@4          00011cc4 f   fltracker.obj
 0001:00000d52       _FlTrackerSetRead@8        00011d52 f   fltracker.obj
 0001:00000da0       _FlTrackerEntryValid@4     00011da0 f   fltracker.obj
 0001:00000dd0       _FlTrackerSetLastEntry@4   00011dd0 f   fltracker.obj
 0001:00000e06       _FlTrackerGetBestEntry@4   00011e06 f   fltracker.obj
 0001:00000ee4       _FlTrackerAddEntry@12      00011ee4 f   fltracker.obj
 0001:00000ff6       _FlTrackerPrintListDbg@4   00011ff6 f   fltracker.obj
 0001:000010cc       _FlTrackerEntryPrint@4     000120cc f   fltracker.obj
 0001:00001160       _FlTrackerInfoToUserspace@8 00012160 f   fltracker.obj
 0001:00001418       _UcFilenameInit@4          00012418 f   flucfilename.obj
 0001:0000146c       _UcFilenameFree@4          0001246c f   flucfilename.obj
 0001:000014b6       _UcFilenameCopy@8          000124b6 f   flucfilename.obj
 0001:000014f0       _UcFilenameEqual@8         000124f0 f   flucfilename.obj
 0001:00001534       _UcFilenameStartsWith@8    00012534 f   flucfilename.obj
 0001:00001572       _FlTimerThreadStop@0       00012572 f   fltimerthread.obj
 0001:00001622       _TimerThreadExecRoutine@4  00012622 f   fltimerthread.obj
 0001:0000178e       _FlTimerThreadCreate@0     0001278e f   fltimerthread.obj
 0001:00001881       @__security_check_cookie@4 00012881 f   BufferOverflowK:secchk.obj
 0001:00001896       ___report_gsfailure        00012896 f   BufferOverflowK:gs_report.obj
 0001:000018c4       __SEH_prolog4              000128c4 f   ntoskrnl:sehprolg4.obj
 0001:00001909       __SEH_epilog4              00012909 f   ntoskrnl:sehprolg4.obj
 0001:00001930       __except_handler4          00012930 f   ntoskrnl:chandler4.obj
 0001:00001a8a       _memset                    00012a8a f   ntoskrnl:ntoskrnl.exe
 0001:00001a96       _memcpy                    00012a96 f   ntoskrnl:ntoskrnl.exe
 0001:00001aa4       __local_unwind4            00012aa4 f   ntoskrnl:exsup4.obj
 0001:00001b7a       __seh_longjmp_unwind4@4    00012b7a f   ntoskrnl:exsup4.obj
 0001:00001b96       @_EH4_CallFilterFunc@8     00012b96 f   ntoskrnl:exsup4.obj
 0001:00001bad       @_EH4_TransferToHandler@8  00012bad f   ntoskrnl:exsup4.obj
 0001:00001bc6       @_EH4_GlobalUnwind@4       00012bc6 f   ntoskrnl:exsup4.obj
 0001:00001be0       @_EH4_LocalUnwind@16       00012be0 f   ntoskrnl:exsup4.obj
 0001:00001bfc       __NLG_Notify1              00012bfc f   ntoskrnl:_nlgsupp.obj
 0001:00001c05       __NLG_Notify               00012c05 f   ntoskrnl:_nlgsupp.obj
 0001:00001c1c       __NLG_Dispatch             00012c1c     ntoskrnl:_nlgsupp.obj
 0001:00001c1c       __NLG_Dispatch2            00012c1c     ntoskrnl:_nlgsupp.obj
 0001:00001c24       __NLG_Call                 00012c24 f   ntoskrnl:_nlgsupp.obj
 0001:00001c26       __NLG_Return2              00012c26     ntoskrnl:_nlgsupp.obj
 0001:00001c2c       _RtlUnwind@16              00012c2c f   ntoskrnl:ntoskrnl.exe
 0001:00001c38       _FltUnregisterFilter@4     00012c38 f   fltMgr:FLTMGR.SYS
 0001:00001c44       _FltCloseCommunicationPort@4 00012c44 f   fltMgr:FLTMGR.SYS
 0001:00001c50       _FltGetFileNameInformation@12 00012c50 f   fltMgr:FLTMGR.SYS
 0001:00001c5c       _FltReleaseFileNameInformation@4 00012c5c f   fltMgr:FLTMGR.SYS
 0001:00001c68       _FltIsDirectory@12         00012c68 f   fltMgr:FLTMGR.SYS
 0001:00001c74       _FltParseFileNameInformation@4 00012c74 f   fltMgr:FLTMGR.SYS
 0001:00001c80       _FltCloseClientPort@8      00012c80 f   fltMgr:FLTMGR.SYS
 0001:00001c8c       _FltStartFiltering@4       00012c8c f   fltMgr:FLTMGR.SYS
 0001:00001c98       _FltFreeSecurityDescriptor@4 00012c98 f   fltMgr:FLTMGR.SYS
 0001:00001ca4       _FltCreateCommunicationPort@32 00012ca4 f   fltMgr:FLTMGR.SYS
 0001:00001cb0       _FltBuildDefaultSecurityDescriptor@8 00012cb0 f   fltMgr:FLTMGR.SYS
 0001:00001cbc       _FltRegisterFilter@12      00012cbc f   fltMgr:FLTMGR.SYS
 0001:00001cc8       _FltSendMessage@28         00012cc8 f   fltMgr:FLTMGR.SYS
 0001:00001cce       ??_C@_0BN@HGBEOAFB@?$FLflmonflt?$FN?5Filter?5disabled?4?6?$AA@FNODOBFM@ 00012cce     filemon.obj
 0001:00001cec       ??_C@_0CF@FHAPKEBM@?$FLflmonflt?$FN?5Filter?5already?5disabl@FNODOBFM@ 00012cec     filemon.obj
 0001:00001d12       ??_C@_0BP@CJOJGOFB@?$FLflmonflt?$FN?5Filter?5now?5active?4?6?$AA@FNODOBFM@ 00012d12     filemon.obj
 0001:00001d32       ??_C@_0CD@INNPAKPK@?$FLflmonflt?$FN?5Filter?5already?5active@FNODOBFM@ 00012d32     filemon.obj
 0001:00001d56       ??_C@_0BN@DFCIGNCC@?$FLflmonflt?$FN?5Driver?5unloaded?4?6?$AA@FNODOBFM@ 00012d56     filemon.obj
 0001:00001d74       ??_C@_0DC@KILBJFGM@?$FLflmonflt?3POSTOP?3MJ_CREATE?$FN?5File@FNODOBFM@ 00012d74     filemon.obj
 0001:00001da6       ??_C@_0ED@PPOKNEAE@?$FLflmonflt?3POSTOP?3MJ_CREATE?$FN?5FlTr@FNODOBFM@ 00012da6     filemon.obj
 0001:00001dea       ??_C@_0CF@MPDHJDKL@?$FLflmonflt?$FN?5SL_OPEN_TARGET_DIRECT@FNODOBFM@ 00012dea     filemon.obj
 0001:00001e10       ??_C@_0EA@HCLEHEAM@?$FLflmonflt?3POSTOP?3MJ_CREATE?$FN?5FltI@FNODOBFM@ 00012e10     filemon.obj
 0001:00001e50       ??_C@_0EO@MHPCIJAM@?$FLflmonflt?3POSTOP?3MJ_CLEANUP?$FN?5Flt@FNODOBFM@ 00012e50     filemon.obj
 0001:00001e9e       ??_C@_0EL@LMOIIGMN@?$FLflmonflt?3POSTOP?3MJ_READ?$FN?5FltPar@FNODOBFM@ 00012e9e     filemon.obj
 0001:00001eea       ??_C@_0CB@BHBMIMGE@?$FLflmonflt?$FN?5Userspace?5connected?4?6@FNODOBFM@ 00012eea     filemon.obj
 0001:00001f0c       ??_C@_0CE@ODLJGGGJ@?$FLflmonflt?$FN?5Userspace?5disconnecte@FNODOBFM@ 00012f0c     filemon.obj
 0001:00001f30       ??_C@_0DG@OHMKKDNH@?$FLflmonflt?$FN?5Userspace?5notify?0?5Inv@FNODOBFM@ 00012f30     filemon.obj
 0001:00001f66       ??_C@_0BO@IFDACPIL@?$FLflmonflt?$FN?5Filter?5state?3?5?$CFd?4?6?$AA@FNODOBFM@ 00012f66     filemon.obj
 0001:00001f84       ??_C@_0DF@EMJIGBH@?$FLflmonflt?$FN?5Userspace?5notify?0?5Dir@FNODOBFM@ 00012f84     filemon.obj
 0001:00001fba       ??_C@_0DE@KIBJKFBH@?$FLflmonflt?$FN?5Userspace?5notify?0?5Dir@FNODOBFM@ 00012fba     filemon.obj
 0001:00001fee       ??_C@_0DK@GBLLNDCM@?$FLflmonflt?$FN?5Userspace?5notify?0?5Inv@FNODOBFM@ 00012fee     filemon.obj
 0001:00002028       ??_C@_0DB@DKINAJCH@?$FLflmonflt?$FN?5Userspace?5notify?0?5siz@FNODOBFM@ 00013028     filemon.obj
 0001:0000205a       ??_C@_0EG@IEMFCKJ@?$FLflmonflt?$FN?5Userspace?5notify?0?5Inv@FNODOBFM@ 0001305a     filemon.obj
 0001:000020a0       ??_C@_0EM@OGAJKDGG@?$FLflmonflt?$FN?5Userspace?5notify?0?5Inv@FNODOBFM@ 000130a0     filemon.obj
 0001:000020ec       ??_C@_0EC@MNHHJEDB@?$FLflmonflt?$FN?5Userspace?5notify?0?5Inv@FNODOBFM@ 000130ec     filemon.obj
 0001:0000212e       ??_C@_0CM@LNABGHJJ@?$FLflmonflt?$FN?5Driver?5initialisation@FNODOBFM@ 0001312e     filemon.obj
 0001:0000215a       ??_C@_0CI@HNHDMLOC@?$FLflmonflt?$FN?5FltStartFiltering?5ERR@FNODOBFM@ 0001315a     filemon.obj
 0001:00002182       ??_C@_0CE@ELEHEILK@?$FLflmonflt?$FN?5Port?5creation?5finishe@FNODOBFM@ 00013182     filemon.obj
 0001:000021a6       ??_C@_0CB@NILLAGHO@?$FLflmonflt?$FN?5Port?5creation?5failed?4@FNODOBFM@ 000131a6     filemon.obj
 0001:000021c8       ??_C@_1BO@IGGINGJM@?$AA?2?$AAF?$AAl?$AAF?$AAi?$AAl?$AAe?$AAM?$AAo?$AAn?$AAi?$AAt?$AAo?$AAr?$AA?$AA@FNODOBFM@ 000131c8     filemon.obj
 0001:000021e6       ??_C@_01EEMJAFIK@?6?$AA@FNODOBFM@ 000131e6     filemon.obj
 0001:000021e8       ??_C@_0BJ@CHCEKHNN@STATUS_INVALID_PARAMETER?$AA@FNODOBFM@ 000131e8     filemon.obj
 0001:00002202       ??_C@_0BO@GKEDLFHB@STATUS_INSUFFICIENT_RESOURCES?$AA@FNODOBFM@ 00013202     filemon.obj
 0001:00002220       ??_C@_0BL@KCJGOPCJ@STATUS_FLT_NOT_INITIALIZED?$AA@FNODOBFM@ 00013220     filemon.obj
 0001:0000223c       ??_C@_0BD@FAIDAAMB@UNKNOWN?5ERROR?50x?$CFx?$AA@FNODOBFM@ 0001323c     filemon.obj
 0001:00002250       ??_C@_0CH@CEIJHFMM@?$FLflmonflt?$FN?5Filter?5registration?5f@FNODOBFM@ 00013250     filemon.obj
 0001:00002278       ??_C@_0DF@CPLDFGIG@?$FLflmonflt?$FN?5Timer?5thread?5creation@FNODOBFM@ 00013278     filemon.obj
 0001:000022ae       ??_C@_0EF@JEADKJNF@?$FLflmonflt?$FN?5Filemonitor?5Filter?5Dr@FNODOBFM@ 000132ae     filemon.obj
 0001:000022f4       ??_C@_0L@EANPGPAM@1?40?40?5Beta?$AA@FNODOBFM@ 000132f4     filemon.obj
 0001:00002300       ??_C@_0CF@CEADGJFL@?$FLflmonflt?$FN?5Directory?5list?5count?3@FNODOBFM@ 00013300     fldirectorylist.obj
 0001:00002326       ??_C@_0CB@EJCKPAAP@?$FLflmonflt?$FN?5Directory?5added?3?5?$CFwZ?6@FNODOBFM@ 00013326     fldirectorylist.obj
 0001:00002348       ??_C@_0CC@DHNAKFNE@?$FLflmonflt?$FN?5Directory?5exists?3?5?$CFwZ@FNODOBFM@ 00013348     fldirectorylist.obj
 0001:0000236a       ??_C@_0CB@PGDKIMPP@?$FLflmonflt?$FN?5Directory?5list?5full?4?6@FNODOBFM@ 0001336a     fldirectorylist.obj
 0001:0000238c       ??_C@_0CE@GLCGLEEP@?$FLflmonflt?$FN?5Directory?5list?5cleare@FNODOBFM@ 0001338c     fldirectorylist.obj
 0001:000023b0       ??_C@_0CF@JOAEPMNF@?$FLflmonflt?$FN?5Clearing?5directory?5li@FNODOBFM@ 000133b0     fldirectorylist.obj
 0001:000023d6       ??_C@_0CI@IGDNACBC@?$FLflmonflt?$FN?5Directory?5list?5initia@FNODOBFM@ 000133d6     fldirectorylist.obj
 0001:000023fe       ??_C@_0CB@GNOJHBNJ@?$FLflmonflt?$FN?5Tracker?5initialized?4?6@FNODOBFM@ 000133fe     fltracker.obj
 0001:00002420       ??_C@_0CB@CFKNMECN@?$FLflmonflt?$FN?5Tracker?5init?5failed?4?6@FNODOBFM@ 00013420     fltracker.obj
 0001:00002442       ??_C@_0BF@NCIOMBGE@?$FLflmonflt?$FN?5?$DM?9?5?8?$CFwZ?8?6?$AA@FNODOBFM@ 00013442     fltracker.obj
 0001:00002458       ??_C@_0BF@BKOCCLLC@?$FLflmonflt?$FN?5?9?9?5?8?$CFwZ?8?6?$AA@FNODOBFM@ 00013458     fltracker.obj
 0001:0000246e       ??_C@_0DD@BFELMBIN@?$FLflmonflt?$FN?5Tracker?5remove?5err?0?5n@FNODOBFM@ 0001346e     fltracker.obj
 0001:000024a2       ??_C@_0CP@MOMABKCB@?$FLflmonflt?$FN?5Tracker?5remove?5err?0?5e@FNODOBFM@ 000134a2     fltracker.obj
 0001:000024d2       ??_C@_0DF@IDOFHFIJ@?$FLflmonflt?$FN?5Tracker?5remove?5err?0?5w@FNODOBFM@ 000134d2     fltracker.obj
 0001:00002508       ??_C@_0DH@NMFJAOGF@?$FLflmonflt?$FN?5Tracker?5?$CFd?5entries?5re@FNODOBFM@ 00013508     fltracker.obj
 0001:00002540       ??_C@_0CD@DEAOLMKO@?$FLflmonflt?$FN?5Tracker?5empty?5in?5free@FNODOBFM@ 00013540     fltracker.obj
 0001:00002564       ??_C@_0BC@OEEAKBKE@?$FLflmonflt?$FN?5R?5?$CFwZ?6?$AA@FNODOBFM@ 00013564     fltracker.obj
 0001:00002576       ??_C@_0BL@LFIDFJHP@?$FLflmonflt?$FN?5FD?3?50x?$CFx?0?50x?$CFx?6?$AA@FNODOBFM@ 00013576     fltracker.obj
 0001:00002592       ??_C@_0BM@OONJOEAH@?$FLflmonflt?$FN?5Last?5fcount?3?5?$CFd?6?$AA@FNODOBFM@ 00013592     fltracker.obj
 0001:000025ae       ??_C@_0BM@COCHKJI@?$FLflmonflt?$FN?5Last?5dcount?3?5?$CFd?6?$AA@FNODOBFM@ 000135ae     fltracker.obj
 0001:000025ca       ??_C@_0BN@GFEOBFLL@?$FLflmonflt?$FN?5Trackercount?3?5?$CFd?6?$AA@FNODOBFM@ 000135ca     fltracker.obj
 0001:000025e8       ??_C@_0BF@IPKPFFAG@?$FLflmonflt?$FN?5?9?$DO?5?8?$CFwZ?8?6?$AA@FNODOBFM@ 000135e8     fltracker.obj
 0001:000025fe       ??_C@_0CP@PFCAJEDF@?$FLflmonflt?$FN?5Tracker?5add?0?5str?5init@FNODOBFM@ 000135fe     fltracker.obj
 0001:0000262e       ??_C@_0DE@KCGHKAHB@?$FLflmonflt?$FN?5Tracker?5add?0?5entry?5al@FNODOBFM@ 0001362e     fltracker.obj
 0001:00002662       ??_C@_0BF@GEOGCCHP@?$FLflmonflt?$FN?5?$CL?$CL?5?8?$CFwZ?8?6?$AA@FNODOBFM@ 00013662     fltracker.obj
 0001:00002678       ??_C@_0DN@JACCMLJE@?$FLflmonflt?$FN?5ERROR?3?5Tracker?5had?5mu@FNODOBFM@ 00013678     fltracker.obj
 0001:000026b6       ??_C@_0DJ@JOIHMPBM@?$FLflmonflt?$FN?5Tracker?5dbgprint?5end?5@FNODOBFM@ 000136b6     fltracker.obj
 0001:000026f0       ??_C@_0CG@HKCIGCNO@?5Path?3?5?$CFwZ?0?5Count?3?5?$CFd?0?5Readstate@FNODOBFM@ 000136f0     fltracker.obj
 0001:00002716       ??_C@_03EDEDJBEE@FIL?$AA@FNODOBFM@ 00013716     fltracker.obj
 0001:0000271a       ??_C@_03DNALGGBA@DIR?$AA@FNODOBFM@ 0001371a     fltracker.obj
 0001:0000271e       ??_C@_06POKNCOAC@INVAL?5?$AA@FNODOBFM@ 0001371e     fltracker.obj
 0001:00002726       ??_C@_06HPJKIGIE@VALID?5?$AA@FNODOBFM@ 00013726     fltracker.obj
 0001:0000272e       ??_C@_0BA@JHNJODD@?$FLftmonflt?$FN?5?$CFd?3?5?$AA@FNODOBFM@ 0001372e     fltracker.obj
 0001:0000273e       ??_C@_0DM@HJDNMPNH@?$FLflmonflt?$FN?5Tracker?5dbgprint?5begi@FNODOBFM@ 0001373e     fltracker.obj
 0001:0000277a       ??_C@_0M@GGLMIFNG@?$FLftmonflt?$FN?5?$AA@FNODOBFM@ 0001377a     fltracker.obj
 0001:00002786       ??_C@_0BP@MOMJIDOM@?$FLftmonflt?$FN?5Trackerentry?5NULL?4?6?$AA@FNODOBFM@ 00013786     fltracker.obj
 0001:000027a6       ??_C@_0EM@MALNKGCC@?$FLflmonflt?3?3FlTrackerInfoToUsersp@FNODOBFM@ 000137a6     fltracker.obj
 0001:000027f2       ??_C@_0BL@GHFIMKIO@?$FLflmonflt?$FN?5Send?5error?5?$CFd?4?6?$AA@FNODOBFM@ 000137f2     fltracker.obj
 0001:0000280e       ??_C@_0BM@HLAKACOO@?$FLflmonflt?$FN?5Send?5timed?5out?4?6?$AA@FNODOBFM@ 0001380e     fltracker.obj
 0001:0000282a       ??_C@_0CC@PNBCBCFF@?$FLflmonflt?$FN?5Send?5OK?3?5len?$DN?$CFd?0?5?8?$CFs?8@FNODOBFM@ 0001382a     fltracker.obj
 0001:0000284c       ??_C@_0BO@NGMFKHML@?$FLflmonflt?$FN?5Notify?5Type?3?5?8?$CFc?8?6?$AA@FNODOBFM@ 0001384c     fltracker.obj
 0001:0000286a       ??_C@_0BO@KGGHJDFP@?$FLflmonflt?$FN?5Memcopy?$CI?$CFd?$CJ?3?5?8?$CFs?8?6?$AA@FNODOBFM@ 0001386a     fltracker.obj
 0001:00002888       ??_C@_0CI@MCPANMDK@?$FLflmonflt?$FN?5Converted?5to?5ansi?$CI?$CFd?$CJ@FNODOBFM@ 00013888     fltracker.obj
 0001:000028b0       ??_C@_0BN@JLFBKILL@?$FLflmonflt?$FN?5Sending?5message?4?6?$AA@FNODOBFM@ 000138b0     fltracker.obj
 0001:000028ce       ??_C@_0DN@HCFFDLCG@?$FLflmonflt?3?3FlTrackerInfoToUsersp@FNODOBFM@ 000138ce     fltracker.obj
 0001:0000290c       ??_C@_0FD@HCBMMKOD@?$FLflmonflt?3?3FlTrackerInfoToUsersp@FNODOBFM@ 0001390c     fltracker.obj
 0001:00002960       ??_C@_0CO@MLPFCDE@?$FLflmonflt?$FN?5UcFilenameInit?3?5STATU@FNODOBFM@ 00013960     flucfilename.obj
 0001:0000298e       ??_C@_0DG@MLOMFLFE@?$FLflmonflt?$FN?5UcFilenameFree?3?5STATU@FNODOBFM@ 0001398e     flucfilename.obj
 0001:000029c4       ??_C@_0DI@OGAGEEIL@?$FLflmonflt?$FN?5UcFilenameCopy?3?5?$CI?$CBSrc@FNODOBFM@ 000139c4     flucfilename.obj
 0001:000029fc       ??_C@_0DJ@OPJDJFDM@?$FLflmonflt?$FN?5UcFilenameEqual?3?5?$CI?$CBSr@FNODOBFM@ 000139fc     flucfilename.obj
 0001:00002a36       ??_C@_0DO@GPEFODGP@?$FLflmonflt?$FN?5UcFilenameStartsWith?3@FNODOBFM@ 00013a36     flucfilename.obj
 0001:00002a74       ??_C@_0CB@CJENCNFM@?$FLflmonflt?$FN?5Thread?5dereferenced?4?6@FNODOBFM@ 00013a74     fltimerthread.obj
 0001:00002a96       ??_C@_0DB@DAIFMBAP@?$FLflmonflt?$FN?5Thread?5exited?0?5derefe@FNODOBFM@ 00013a96     fltimerthread.obj
 0001:00002ac8       ??_C@_0CI@KDNMCIKF@?$FLflmonflt?$FN?5Waiting?5for?5thread?5to@FNODOBFM@ 00013ac8     fltimerthread.obj
 0001:00002af0       ??_C@_0CD@LLKBHHHH@?$FLflmonflt?$FN?5Stopping?5timer?5thread@FNODOBFM@ 00013af0     fltimerthread.obj
 0001:00002b14       ??_C@_0CP@FBFHCBJK@?$FLflmonflt?$FN?5Terminating?5timer?5thr@FNODOBFM@ 00013b14     fltimerthread.obj
 0001:00002b44       ??_C@_0EC@JAIKLJDK@?$FLflmonflt?$FN?5Terminating?5timer?5thr@FNODOBFM@ 00013b44     fltimerthread.obj
 0001:00002b86       ??_C@_0DL@KMDHKPCF@?$FLflmonflt?$FN?5?9?9?9?9?9?9?9?9?9?9?9?9?9?9?9?9?9?9?9?9?9@FNODOBFM@ 00013b86     fltimerthread.obj
 0001:00002bc2       ??_C@_0DL@PMJNCAIG@?$FLflmonflt?$FN?5?$CK?$CK?$CK?$CK?$CK?$CK?$CK?$CK?$CK?$CK?$CK?$CK?$CK?$CK?$CK?$CK?$CK?$CK?$CK?$CK?$CK@FNODOBFM@ 00013bc2     fltimerthread.obj
 0001:00002bfe       ??_C@_0DL@IENAPFMG@?$FLflmonflt?$FN?5?$CK?$CK?$CK?$CK?$CK?$CK?$CK?$CK?$CK?$CK?$CK?$CK?$CK?$CK?$CK?5Timer@FNODOBFM@ 00013bfe     fltimerthread.obj
 0001:00002c3a       ??_C@_0BL@PIHADEAG@?$FLflmonflt?$FN?5Timer?5elapsed?4?6?$AA@FNODOBFM@ 00013c3a     fltimerthread.obj
 0001:00002c56       ??_C@_0CJ@JFMDFHEE@?$FLflmonflt?$FN?5Waiting?5for?5timer?5to?5@FNODOBFM@ 00013c56     fltimerthread.obj
 0001:00002c80       ??_C@_0CD@NKDKOBND@?$FLflmonflt?$FN?5Starting?5timer?5thread@FNODOBFM@ 00013c80     fltimerthread.obj
 0001:00002ca4       ??_C@_0CM@DCMCJEBB@?$FLflmonflt?$FN?5PsCreateSystemThread?5@FNODOBFM@ 00013ca4     fltimerthread.obj
 0001:00002cd0       ??_C@_0CO@EKGCDDGM@?$FLflmonflt?$FN?5PsCreateSystemThread?5@FNODOBFM@ 00013cd0     fltimerthread.obj
 0002:00000000       __imp__FltRegisterFilter@12 00014000     fltMgr:FLTMGR.SYS
 0002:00000004       __imp__FltBuildDefaultSecurityDescriptor@8 00014004     fltMgr:FLTMGR.SYS
 0002:00000008       __imp__FltCreateCommunicationPort@32 00014008     fltMgr:FLTMGR.SYS
 0002:0000000c       __imp__FltFreeSecurityDescriptor@4 0001400c     fltMgr:FLTMGR.SYS
 0002:00000010       __imp__FltStartFiltering@4 00014010     fltMgr:FLTMGR.SYS
 0002:00000014       __imp__FltCloseClientPort@8 00014014     fltMgr:FLTMGR.SYS
 0002:00000018       __imp__FltParseFileNameInformation@4 00014018     fltMgr:FLTMGR.SYS
 0002:0000001c       __imp__FltIsDirectory@12   0001401c     fltMgr:FLTMGR.SYS
 0002:00000020       __imp__FltReleaseFileNameInformation@4 00014020     fltMgr:FLTMGR.SYS
 0002:00000024       __imp__FltGetFileNameInformation@12 00014024     fltMgr:FLTMGR.SYS
 0002:00000028       __imp__FltCloseCommunicationPort@4 00014028     fltMgr:FLTMGR.SYS
 0002:0000002c       __imp__FltUnregisterFilter@4 0001402c     fltMgr:FLTMGR.SYS
 0002:00000030       __imp__FltSendMessage@28   00014030     fltMgr:FLTMGR.SYS
 0002:00000034       \177FLTMGR_NULL_THUNK_DATA 00014034     fltMgr:FLTMGR.SYS
 0002:00000038       __imp__RtlPrefixUnicodeString@12 00014038     ntoskrnl:ntoskrnl.exe
 0002:0000003c       __imp_@ObfDereferenceObject@4 0001403c     ntoskrnl:ntoskrnl.exe
 0002:00000040       __imp__KeCancelTimer@4     00014040     ntoskrnl:ntoskrnl.exe
 0002:00000044       __imp__PsTerminateSystemThread@4 00014044     ntoskrnl:ntoskrnl.exe
 0002:00000048       __imp__KeClearEvent@4      00014048     ntoskrnl:ntoskrnl.exe
 0002:0000004c       __imp__ZwClose@4           0001404c     ntoskrnl:ntoskrnl.exe
 0002:00000050       __imp__memcpy              00014050     ntoskrnl:ntoskrnl.exe
 0002:00000054       __imp__PsCreateSystemThread@28 00014054     ntoskrnl:ntoskrnl.exe
 0002:00000058       __imp__KeInitializeTimer@4 00014058     ntoskrnl:ntoskrnl.exe
 0002:0000005c       __imp__KeInitializeEvent@12 0001405c     ntoskrnl:ntoskrnl.exe
 0002:00000060       _KeTickCount               00014060     ntoskrnl:ntoskrnl.exe
 0002:00000060       __imp__KeTickCount         00014060     ntoskrnl:ntoskrnl.exe
 0002:00000064       __imp__KeBugCheckEx@20     00014064     ntoskrnl:ntoskrnl.exe
 0002:00000068       __imp__RtlUnwind@16        00014068     ntoskrnl:ntoskrnl.exe
 0002:0000006c       __imp__RtlUnicodeStringToAnsiString@12 0001406c     ntoskrnl:ntoskrnl.exe
 0002:00000070       __imp__KeReleaseMutex@8    00014070     ntoskrnl:ntoskrnl.exe
 0002:00000074       __imp__KeWaitForSingleObject@20 00014074     ntoskrnl:ntoskrnl.exe
 0002:00000078       __imp__KeInitializeMutex@8 00014078     ntoskrnl:ntoskrnl.exe
 0002:0000007c       __imp__memset              0001407c     ntoskrnl:ntoskrnl.exe
 0002:00000080       __imp__RtlCopyUnicodeString@8 00014080     ntoskrnl:ntoskrnl.exe
 0002:00000084       __imp__RtlCompareUnicodeString@12 00014084     ntoskrnl:ntoskrnl.exe
 0002:00000088       __imp__ExAllocatePool@8    00014088     ntoskrnl:ntoskrnl.exe
 0002:0000008c       __imp__RtlInitUnicodeString@8 0001408c     ntoskrnl:ntoskrnl.exe
 0002:00000090       __imp__KeSetTimer@16       00014090     ntoskrnl:ntoskrnl.exe
 0002:00000094       __imp__KeSetEvent@12       00014094     ntoskrnl:ntoskrnl.exe
 0002:00000098       __imp__ExFreePoolWithTag@8 00014098     ntoskrnl:ntoskrnl.exe
 0002:0000009c       __imp__ObReferenceObjectByHandle@24 0001409c     ntoskrnl:ntoskrnl.exe
 0002:000000a0       __imp__DbgPrintEx          000140a0     ntoskrnl:ntoskrnl.exe
 0002:000000a4       \177ntoskrnl_NULL_THUNK_DATA 000140a4     ntoskrnl:ntoskrnl.exe
 0002:000000d0       _Callbacks                 000140d0     filemon.obj
 0002:00000120       _ContextRegistration       00014120     filemon.obj
 0002:00000158       _FilterRegistration        00014158     filemon.obj
 0002:00000190       __load_config_used         00014190     ntoskrnl:loadcfg.obj
 0002:00000240       ___safe_se_handler_table   00014240     <linker-defined>
 0003:00000000       ___security_cookie         00015000     BufferOverflowK:gs_support.obj
 0003:00000004       ___security_cookie_complement 00015004     BufferOverflowK:gs_support.obj
 0003:00000008       __NLG_Destination          00015008     ntoskrnl:_nlgsupp.obj
 0003:00000030       _ThreadSleepWakeup         00015030     <common>
 0003:00000040       _Timer                     00015040     <common>
 0003:00000080       _OcTracker                 00015080     <common>
 0003:000000a8       _DriverInfoData            000150a8     <common>
 0004:00000005       ___security_init_cookie    00016005 f   BufferOverflowK:gs_support.obj
 0004:0000003e       _GsDriverEntry@8           0001603e f   BufferOverflowK:gs_support.obj
 0004:00000050       __IMPORT_DESCRIPTOR_ntoskrnl 00016050     ntoskrnl:ntoskrnl.exe
 0004:00000064       __IMPORT_DESCRIPTOR_FLTMGR 00016064     fltMgr:FLTMGR.SYS
 0004:00000078       __NULL_IMPORT_DESCRIPTOR   00016078     ntoskrnl:ntoskrnl.exe

 entry point at        0004:0000003e

 Static symbols

 0001:00001b34       __unwind_handler4          00012b34 f   ntoskrnl:exsup4.obj
