 flmonflt

 Timestamp is 4f0334e3 (Tue Jan 03 18:03:31 2012)

 Preferred load address is 0000000000010000

 Start         Length     Name                   Class
 0001:00000000 00001f94H .text                   CODE
 0001:00001fa0 000011bfH .text$s                 CODE
 0002:00000000 00000138H .idata$5                DATA
 0002:00000140 00000178H .rdata                  DATA
 0002:000002b8 00000064H .rdata$debug            DATA
 0002:00000320 00000174H .xdata                  DATA
 0003:00000000 00000110H .data                   DATA
 0003:00000120 000000d0H .bss                    DATA
 0004:00000000 00000138H .pdata                  DATA
 0005:00000000 00000082H INIT                    CODE
 0005:00000084 00000028H .idata$2                CODE
 0005:000000ac 00000014H .idata$3                CODE
 0005:000000c0 00000138H .idata$4                CODE
 0005:000001f8 00000358H .idata$6                CODE

  Address         Publics by Value              Rva+Base               Lib:Object

 0000:00000000       ___safe_se_handler_table   0000000000000000     <absolute>
 0000:00000000       ___safe_se_handler_count   0000000000000000     <absolute>
 0001:00000008       DriverEntry                0000000000011008 f   filemon.obj
 0001:00000380       DriverUnload               0000000000011380 f   filemon.obj
 0001:000004e0       FlPreCreate                00000000000114e0 f   filemon.obj
 0001:000004e0       FlPreRead                  00000000000114e0 f   filemon.obj
 0001:000004e0       FlPreCleanup               00000000000114e0 f   filemon.obj
 0001:0000052c       FlPostCreate               000000000001152c f   filemon.obj
 0001:000006f4       FlPostRead                 00000000000116f4 f   filemon.obj
 0001:000007e0       FlUserspaceConnect         00000000000117e0 f   filemon.obj
 0001:00000828       FlUserspaceDisconnect      0000000000011828 f   filemon.obj
 0001:00000870       FlUserspaceNotify          0000000000011870 f   filemon.obj
 0001:00000af4       DirectoriesToWatchInit     0000000000011af4 f   fldirectorylist.obj
 0001:00000bc8       DirectoriesToWatchAdd      0000000000011bc8 f   fldirectorylist.obj
 0001:00000cac       DirectoriesToWatchClear    0000000000011cac f   fldirectorylist.obj
 0001:00000d24       DirectoriesToWatchPathValid 0000000000011d24 f   fldirectorylist.obj
 0001:00000da0       FlTrackerAddEntry          0000000000011da0 f   fltracker.obj
 0001:00000f78       FlTrackerClean             0000000000011f78 f   fltracker.obj
 0001:00001048       FlTrackerPrintListDbg      0000000000012048 f   fltracker.obj
 0001:00001194       FlTrackerInfoToUserspace   0000000000012194 f   fltracker.obj
 0001:0000144c       FlTrackerGetBestEntry      000000000001244c f   fltracker.obj
 0001:00001578       UcFilenameFree             0000000000012578 f   flucfilename.obj
 0001:000015d0       FlTimerThreadCreate        00000000000125d0 f   fltimerthread.obj
 0001:00001720       TimerThreadExecRoutine     0000000000012720 f   fltimerthread.obj
 0001:000019c0       __security_check_cookie    00000000000129c0 f   BufferOverflowK:amdsecgs.obj
 0001:000019e8       __report_gsfailure         00000000000129e8 f   BufferOverflowK:gs_report.obj
 0001:00001a16       FltCloseClientPort         0000000000012a16 f   fltMgr:FLTMGR.SYS
 0001:00001a22       FltCreateCommunicationPort 0000000000012a22 f   fltMgr:FLTMGR.SYS
 0001:00001a2e       FltFreeSecurityDescriptor  0000000000012a2e f   fltMgr:FLTMGR.SYS
 0001:00001a3a       FltIsDirectory             0000000000012a3a f   fltMgr:FLTMGR.SYS
 0001:00001a46       FltGetFileNameInformation  0000000000012a46 f   fltMgr:FLTMGR.SYS
 0001:00001a52       FltUnregisterFilter        0000000000012a52 f   fltMgr:FLTMGR.SYS
 0001:00001a5e       FltCloseCommunicationPort  0000000000012a5e f   fltMgr:FLTMGR.SYS
 0001:00001a6a       FltBuildDefaultSecurityDescriptor 0000000000012a6a f   fltMgr:FLTMGR.SYS
 0001:00001a76       FltRegisterFilter          0000000000012a76 f   fltMgr:FLTMGR.SYS
 0001:00001a82       FltReleaseFileNameInformation 0000000000012a82 f   fltMgr:FLTMGR.SYS
 0001:00001a8e       FltParseFileNameInformation 0000000000012a8e f   fltMgr:FLTMGR.SYS
 0001:00001a9a       FltStartFiltering          0000000000012a9a f   fltMgr:FLTMGR.SYS
 0001:00001aa6       FltSendMessage             0000000000012aa6 f   fltMgr:FLTMGR.SYS
 0001:00001ac0       memset                     0000000000012ac0 f   ntoskrnl:memset.obj
 0001:00001bb0       __C_specific_handler       0000000000012bb0 f   ntoskrnl:ntoskrnl.exe
 0001:00001bbc       __GSHandlerCheckCommon     0000000000012bbc f   ntoskrnl:gshandler.obj
 0001:00001c28       __GSHandlerCheck           0000000000012c28 f   ntoskrnl:gshandler.obj
 0001:00001c60       memmove                    0000000000012c60     ntoskrnl:memcpy.obj
 0001:00001c60       memcpy                     0000000000012c60 f   ntoskrnl:memcpy.obj
 0001:00001fa0       ??_C@_0CF@FHAPKEBM@?$FLflmonflt?$FN?5Filter?5already?5disabl@FNODOBFM@ 0000000000012fa0     filemon.obj
 0001:00001fd0       ??_C@_0BN@HGBEOAFB@?$FLflmonflt?$FN?5Filter?5disabled?4?6?$AA@FNODOBFM@ 0000000000012fd0     filemon.obj
 0001:00001ff0       ??_C@_0CD@INNPAKPK@?$FLflmonflt?$FN?5Filter?5already?5active@FNODOBFM@ 0000000000012ff0     filemon.obj
 0001:00002020       ??_C@_0BP@CJOJGOFB@?$FLflmonflt?$FN?5Filter?5now?5active?4?6?$AA@FNODOBFM@ 0000000000013020     filemon.obj
 0001:00002040       ??_C@_0L@EANPGPAM@1?40?40?5Beta?$AA@FNODOBFM@ 0000000000013040     filemon.obj
 0001:00002050       ??_C@_0EF@JEADKJNF@?$FLflmonflt?$FN?5Filemonitor?5Filter?5Dr@FNODOBFM@ 0000000000013050     filemon.obj
 0001:000020a0       ??_C@_0DF@CPLDFGIG@?$FLflmonflt?$FN?5Timer?5thread?5creation@FNODOBFM@ 00000000000130a0     filemon.obj
 0001:000020e0       ??_C@_0CH@CEIJHFMM@?$FLflmonflt?$FN?5Filter?5registration?5f@FNODOBFM@ 00000000000130e0     filemon.obj
 0001:00002110       ??_C@_0BO@GKEDLFHB@STATUS_INSUFFICIENT_RESOURCES?$AA@FNODOBFM@ 0000000000013110     filemon.obj
 0001:00002130       ??_C@_0BJ@CHCEKHNN@STATUS_INVALID_PARAMETER?$AA@FNODOBFM@ 0000000000013130     filemon.obj
 0001:00002150       ??_C@_0BL@KCJGOPCJ@STATUS_FLT_NOT_INITIALIZED?$AA@FNODOBFM@ 0000000000013150     filemon.obj
 0001:00002170       ??_C@_0BD@FAIDAAMB@UNKNOWN?5ERROR?50x?$CFx?$AA@FNODOBFM@ 0000000000013170     filemon.obj
 0001:00002190       ??_C@_01EEMJAFIK@?6?$AA@FNODOBFM@ 0000000000013190     filemon.obj
 0001:000021a0       ??_C@_1BO@IGGINGJM@?$AA?2?$AAF?$AAl?$AAF?$AAi?$AAl?$AAe?$AAM?$AAo?$AAn?$AAi?$AAt?$AAo?$AAr?$AA?$AA@FNODOBFM@ 00000000000131a0     filemon.obj
 0001:000021c0       ??_C@_0CB@NILLAGHO@?$FLflmonflt?$FN?5Port?5creation?5failed?4@FNODOBFM@ 00000000000131c0     filemon.obj
 0001:000021f0       ??_C@_0CE@ELEHEILK@?$FLflmonflt?$FN?5Port?5creation?5finishe@FNODOBFM@ 00000000000131f0     filemon.obj
 0001:00002220       ??_C@_0CI@HNHDMLOC@?$FLflmonflt?$FN?5FltStartFiltering?5ERR@FNODOBFM@ 0000000000013220     filemon.obj
 0001:00002250       ??_C@_0CM@LNABGHJJ@?$FLflmonflt?$FN?5Driver?5initialisation@FNODOBFM@ 0000000000013250     filemon.obj
 0001:00002280       ??_C@_0BN@DFCIGNCC@?$FLflmonflt?$FN?5Driver?5unloaded?4?6?$AA@FNODOBFM@ 0000000000013280     filemon.obj
 0001:000022a0       ??_C@_0DC@KILBJFGM@?$FLflmonflt?3POSTOP?3MJ_CREATE?$FN?5File@FNODOBFM@ 00000000000132a0     filemon.obj
 0001:000022e0       ??_C@_0EA@HCLEHEAM@?$FLflmonflt?3POSTOP?3MJ_CREATE?$FN?5FltI@FNODOBFM@ 00000000000132e0     filemon.obj
 0001:00002320       ??_C@_0CF@MPDHJDKL@?$FLflmonflt?$FN?5SL_OPEN_TARGET_DIRECT@FNODOBFM@ 0000000000013320     filemon.obj
 0001:00002350       ??_C@_0ED@PPOKNEAE@?$FLflmonflt?3POSTOP?3MJ_CREATE?$FN?5FlTr@FNODOBFM@ 0000000000013350     filemon.obj
 0001:000023a0       ??_C@_0EL@LMOIIGMN@?$FLflmonflt?3POSTOP?3MJ_READ?$FN?5FltPar@FNODOBFM@ 00000000000133a0     filemon.obj
 0001:000023f0       ??_C@_0CB@BHBMIMGE@?$FLflmonflt?$FN?5Userspace?5connected?4?6@FNODOBFM@ 00000000000133f0     filemon.obj
 0001:00002420       ??_C@_0CE@ODLJGGGJ@?$FLflmonflt?$FN?5Userspace?5disconnecte@FNODOBFM@ 0000000000013420     filemon.obj
 0001:00002450       ??_C@_0EC@MNHHJEDB@?$FLflmonflt?$FN?5Userspace?5notify?0?5Inv@FNODOBFM@ 0000000000013450     filemon.obj
 0001:000024a0       ??_C@_0EM@OGAJKDGG@?$FLflmonflt?$FN?5Userspace?5notify?0?5Inv@FNODOBFM@ 00000000000134a0     filemon.obj
 0001:000024f0       ??_C@_0EG@IEMFCKJ@?$FLflmonflt?$FN?5Userspace?5notify?0?5Inv@FNODOBFM@ 00000000000134f0     filemon.obj
 0001:00002540       ??_C@_0DB@DKINAJCH@?$FLflmonflt?$FN?5Userspace?5notify?0?5siz@FNODOBFM@ 0000000000013540     filemon.obj
 0001:00002580       ??_C@_0DK@GBLLNDCM@?$FLflmonflt?$FN?5Userspace?5notify?0?5Inv@FNODOBFM@ 0000000000013580     filemon.obj
 0001:000025c0       ??_C@_0DE@KIBJKFBH@?$FLflmonflt?$FN?5Userspace?5notify?0?5Dir@FNODOBFM@ 00000000000135c0     filemon.obj
 0001:00002600       ??_C@_0DF@EMJIGBH@?$FLflmonflt?$FN?5Userspace?5notify?0?5Dir@FNODOBFM@ 0000000000013600     filemon.obj
 0001:00002640       ??_C@_0BO@IFDACPIL@?$FLflmonflt?$FN?5Filter?5state?3?5?$CFd?4?6?$AA@FNODOBFM@ 0000000000013640     filemon.obj
 0001:00002660       ??_C@_0DG@OHMKKDNH@?$FLflmonflt?$FN?5Userspace?5notify?0?5Inv@FNODOBFM@ 0000000000013660     filemon.obj
 0001:000026a0       ??_C@_0CI@IGDNACBC@?$FLflmonflt?$FN?5Directory?5list?5initia@FNODOBFM@ 00000000000136a0     fldirectorylist.obj
 0001:000026d0       ??_C@_0CF@CEADGJFL@?$FLflmonflt?$FN?5Directory?5list?5count?3@FNODOBFM@ 00000000000136d0     fldirectorylist.obj
 0001:00002700       ??_C@_0CB@PGDKIMPP@?$FLflmonflt?$FN?5Directory?5list?5full?4?6@FNODOBFM@ 0000000000013700     fldirectorylist.obj
 0001:00002730       ??_C@_0CC@DHNAKFNE@?$FLflmonflt?$FN?5Directory?5exists?3?5?$CFwZ@FNODOBFM@ 0000000000013730     fldirectorylist.obj
 0001:00002760       ??_C@_0CB@EJCKPAAP@?$FLflmonflt?$FN?5Directory?5added?3?5?$CFwZ?6@FNODOBFM@ 0000000000013760     fldirectorylist.obj
 0001:00002790       ??_C@_0CF@JOAEPMNF@?$FLflmonflt?$FN?5Clearing?5directory?5li@FNODOBFM@ 0000000000013790     fldirectorylist.obj
 0001:000027c0       ??_C@_0CE@GLCGLEEP@?$FLflmonflt?$FN?5Directory?5list?5cleare@FNODOBFM@ 00000000000137c0     fldirectorylist.obj
 0001:000027f0       ??_C@_0CB@GNOJHBNJ@?$FLflmonflt?$FN?5Tracker?5initialized?4?6@FNODOBFM@ 00000000000137f0     fltracker.obj
 0001:00002820       ??_C@_0BF@GEOGCCHP@?$FLflmonflt?$FN?5?$CL?$CL?5?8?$CFwZ?8?6?$AA@FNODOBFM@ 0000000000013820     fltracker.obj
 0001:00002840       ??_C@_0DE@KCGHKAHB@?$FLflmonflt?$FN?5Tracker?5add?0?5entry?5al@FNODOBFM@ 0000000000013840     fltracker.obj
 0001:00002880       ??_C@_0CP@PFCAJEDF@?$FLflmonflt?$FN?5Tracker?5add?0?5str?5init@FNODOBFM@ 0000000000013880     fltracker.obj
 0001:000028b0       ??_C@_0BF@IPKPFFAG@?$FLflmonflt?$FN?5?9?$DO?5?8?$CFwZ?8?6?$AA@FNODOBFM@ 00000000000138b0     fltracker.obj
 0001:000028d0       ??_C@_0CD@DEAOLMKO@?$FLflmonflt?$FN?5Tracker?5empty?5in?5free@FNODOBFM@ 00000000000138d0     fltracker.obj
 0001:00002900       ??_C@_0DH@NMFJAOGF@?$FLflmonflt?$FN?5Tracker?5?$CFd?5entries?5re@FNODOBFM@ 0000000000013900     fltracker.obj
 0001:00002940       ??_C@_0DM@HJDNMPNH@?$FLflmonflt?$FN?5Tracker?5dbgprint?5begi@FNODOBFM@ 0000000000013940     fltracker.obj
 0001:00002980       ??_C@_0BA@JHNJODD@?$FLftmonflt?$FN?5?$CFd?3?5?$AA@FNODOBFM@ 0000000000013980     fltracker.obj
 0001:00002990       ??_C@_06HPJKIGIE@VALID?5?$AA@FNODOBFM@ 0000000000013990     fltracker.obj
 0001:000029a0       ??_C@_06POKNCOAC@INVAL?5?$AA@FNODOBFM@ 00000000000139a0     fltracker.obj
 0001:000029b0       ??_C@_03DNALGGBA@DIR?$AA@FNODOBFM@ 00000000000139b0     fltracker.obj
 0001:000029c0       ??_C@_03EDEDJBEE@FIL?$AA@FNODOBFM@ 00000000000139c0     fltracker.obj
 0001:000029d0       ??_C@_0CG@HKCIGCNO@?5Path?3?5?$CFwZ?0?5Count?3?5?$CFd?0?5Readstate@FNODOBFM@ 00000000000139d0     fltracker.obj
 0001:00002a00       ??_C@_0DJ@JOIHMPBM@?$FLflmonflt?$FN?5Tracker?5dbgprint?5end?5@FNODOBFM@ 0000000000013a00     fltracker.obj
 0001:00002a40       ??_C@_0DN@JACCMLJE@?$FLflmonflt?$FN?5ERROR?3?5Tracker?5had?5mu@FNODOBFM@ 0000000000013a40     fltracker.obj
 0001:00002a80       ??_C@_0BP@MOMJIDOM@?$FLftmonflt?$FN?5Trackerentry?5NULL?4?6?$AA@FNODOBFM@ 0000000000013a80     fltracker.obj
 0001:00002aa0       ??_C@_0M@GGLMIFNG@?$FLftmonflt?$FN?5?$AA@FNODOBFM@ 0000000000013aa0     fltracker.obj
 0001:00002ab0       ??_C@_0FD@HCBMMKOD@?$FLflmonflt?3?3FlTrackerInfoToUsersp@FNODOBFM@ 0000000000013ab0     fltracker.obj
 0001:00002b10       ??_C@_0DN@HCFFDLCG@?$FLflmonflt?3?3FlTrackerInfoToUsersp@FNODOBFM@ 0000000000013b10     fltracker.obj
 0001:00002b50       ??_C@_0BN@JLFBKILL@?$FLflmonflt?$FN?5Sending?5message?4?6?$AA@FNODOBFM@ 0000000000013b50     fltracker.obj
 0001:00002b70       ??_C@_0CI@MCPANMDK@?$FLflmonflt?$FN?5Converted?5to?5ansi?$CI?$CFd?$CJ@FNODOBFM@ 0000000000013b70     fltracker.obj
 0001:00002ba0       ??_C@_0BO@KGGHJDFP@?$FLflmonflt?$FN?5Memcopy?$CI?$CFd?$CJ?3?5?8?$CFs?8?6?$AA@FNODOBFM@ 0000000000013ba0     fltracker.obj
 0001:00002bc0       ??_C@_0BO@NGMFKHML@?$FLflmonflt?$FN?5Notify?5Type?3?5?8?$CFc?8?6?$AA@FNODOBFM@ 0000000000013bc0     fltracker.obj
 0001:00002be0       ??_C@_0CC@PNBCBCFF@?$FLflmonflt?$FN?5Send?5OK?3?5len?$DN?$CFd?0?5?8?$CFs?8@FNODOBFM@ 0000000000013be0     fltracker.obj
 0001:00002c10       ??_C@_0BM@HLAKACOO@?$FLflmonflt?$FN?5Send?5timed?5out?4?6?$AA@FNODOBFM@ 0000000000013c10     fltracker.obj
 0001:00002c30       ??_C@_0BL@GHFIMKIO@?$FLflmonflt?$FN?5Send?5error?5?$CFd?4?6?$AA@FNODOBFM@ 0000000000013c30     fltracker.obj
 0001:00002c50       ??_C@_0EM@MALNKGCC@?$FLflmonflt?3?3FlTrackerInfoToUsersp@FNODOBFM@ 0000000000013c50     fltracker.obj
 0001:00002ca0       ??_C@_0BC@OEEAKBKE@?$FLflmonflt?$FN?5R?5?$CFwZ?6?$AA@FNODOBFM@ 0000000000013ca0     fltracker.obj
 0001:00002cc0       ??_C@_0BN@GFEOBFLL@?$FLflmonflt?$FN?5Trackercount?3?5?$CFd?6?$AA@FNODOBFM@ 0000000000013cc0     fltracker.obj
 0001:00002ce0       ??_C@_0BM@COCHKJI@?$FLflmonflt?$FN?5Last?5dcount?3?5?$CFd?6?$AA@FNODOBFM@ 0000000000013ce0     fltracker.obj
 0001:00002d00       ??_C@_0BM@OONJOEAH@?$FLflmonflt?$FN?5Last?5fcount?3?5?$CFd?6?$AA@FNODOBFM@ 0000000000013d00     fltracker.obj
 0001:00002d20       ??_C@_0BL@LFIDFJHP@?$FLflmonflt?$FN?5FD?3?50x?$CFx?0?50x?$CFx?6?$AA@FNODOBFM@ 0000000000013d20     fltracker.obj
 0001:00002d40       ??_C@_0CO@MLPFCDE@?$FLflmonflt?$FN?5UcFilenameInit?3?5STATU@FNODOBFM@ 0000000000013d40     flucfilename.obj
 0001:00002d70       ??_C@_0DG@MLOMFLFE@?$FLflmonflt?$FN?5UcFilenameFree?3?5STATU@FNODOBFM@ 0000000000013d70     flucfilename.obj
 0001:00002db0       ??_C@_0DI@OGAGEEIL@?$FLflmonflt?$FN?5UcFilenameCopy?3?5?$CI?$CBSrc@FNODOBFM@ 0000000000013db0     flucfilename.obj
 0001:00002df0       ??_C@_0DJ@OPJDJFDM@?$FLflmonflt?$FN?5UcFilenameEqual?3?5?$CI?$CBSr@FNODOBFM@ 0000000000013df0     flucfilename.obj
 0001:00002e30       ??_C@_0DO@GPEFODGP@?$FLflmonflt?$FN?5UcFilenameStartsWith?3@FNODOBFM@ 0000000000013e30     flucfilename.obj
 0001:00002e70       ??_C@_0CO@EKGCDDGM@?$FLflmonflt?$FN?5PsCreateSystemThread?5@FNODOBFM@ 0000000000013e70     fltimerthread.obj
 0001:00002ea0       ??_C@_0CM@DCMCJEBB@?$FLflmonflt?$FN?5PsCreateSystemThread?5@FNODOBFM@ 0000000000013ea0     fltimerthread.obj
 0001:00002ed0       ??_C@_0CD@LLKBHHHH@?$FLflmonflt?$FN?5Stopping?5timer?5thread@FNODOBFM@ 0000000000013ed0     fltimerthread.obj
 0001:00002f00       ??_C@_0CI@KDNMCIKF@?$FLflmonflt?$FN?5Waiting?5for?5thread?5to@FNODOBFM@ 0000000000013f00     fltimerthread.obj
 0001:00002f30       ??_C@_0DB@DAIFMBAP@?$FLflmonflt?$FN?5Thread?5exited?0?5derefe@FNODOBFM@ 0000000000013f30     fltimerthread.obj
 0001:00002f70       ??_C@_0CB@CJENCNFM@?$FLflmonflt?$FN?5Thread?5dereferenced?4?6@FNODOBFM@ 0000000000013f70     fltimerthread.obj
 0001:00002fa0       ??_C@_0CD@NKDKOBND@?$FLflmonflt?$FN?5Starting?5timer?5thread@FNODOBFM@ 0000000000013fa0     fltimerthread.obj
 0001:00002fd0       ??_C@_0EC@JAIKLJDK@?$FLflmonflt?$FN?5Terminating?5timer?5thr@FNODOBFM@ 0000000000013fd0     fltimerthread.obj
 0001:00003020       ??_C@_0CJ@JFMDFHEE@?$FLflmonflt?$FN?5Waiting?5for?5timer?5to?5@FNODOBFM@ 0000000000014020     fltimerthread.obj
 0001:00003050       ??_C@_0BL@PIHADEAG@?$FLflmonflt?$FN?5Timer?5elapsed?4?6?$AA@FNODOBFM@ 0000000000014050     fltimerthread.obj
 0001:00003070       ??_C@_0DL@IENAPFMG@?$FLflmonflt?$FN?5?$CK?$CK?$CK?$CK?$CK?$CK?$CK?$CK?$CK?$CK?$CK?$CK?$CK?$CK?$CK?5Timer@FNODOBFM@ 0000000000014070     fltimerthread.obj
 0001:000030b0       ??_C@_0DL@PMJNCAIG@?$FLflmonflt?$FN?5?$CK?$CK?$CK?$CK?$CK?$CK?$CK?$CK?$CK?$CK?$CK?$CK?$CK?$CK?$CK?$CK?$CK?$CK?$CK?$CK?$CK@FNODOBFM@ 00000000000140b0     fltimerthread.obj
 0001:000030f0       ??_C@_0DL@KMDHKPCF@?$FLflmonflt?$FN?5?9?9?9?9?9?9?9?9?9?9?9?9?9?9?9?9?9?9?9?9?9@FNODOBFM@ 00000000000140f0     fltimerthread.obj
 0001:00003130       ??_C@_0CP@FBFHCBJK@?$FLflmonflt?$FN?5Terminating?5timer?5thr@FNODOBFM@ 0000000000014130     fltimerthread.obj
 0002:00000000       __imp_FltStartFiltering    0000000000015000     fltMgr:FLTMGR.SYS
 0002:00000008       __imp_FltParseFileNameInformation 0000000000015008     fltMgr:FLTMGR.SYS
 0002:00000010       __imp_FltReleaseFileNameInformation 0000000000015010     fltMgr:FLTMGR.SYS
 0002:00000018       __imp_FltRegisterFilter    0000000000015018     fltMgr:FLTMGR.SYS
 0002:00000020       __imp_FltBuildDefaultSecurityDescriptor 0000000000015020     fltMgr:FLTMGR.SYS
 0002:00000028       __imp_FltCloseCommunicationPort 0000000000015028     fltMgr:FLTMGR.SYS
 0002:00000030       __imp_FltUnregisterFilter  0000000000015030     fltMgr:FLTMGR.SYS
 0002:00000038       __imp_FltGetFileNameInformation 0000000000015038     fltMgr:FLTMGR.SYS
 0002:00000040       __imp_FltIsDirectory       0000000000015040     fltMgr:FLTMGR.SYS
 0002:00000048       __imp_FltFreeSecurityDescriptor 0000000000015048     fltMgr:FLTMGR.SYS
 0002:00000050       __imp_FltCreateCommunicationPort 0000000000015050     fltMgr:FLTMGR.SYS
 0002:00000058       __imp_FltCloseClientPort   0000000000015058     fltMgr:FLTMGR.SYS
 0002:00000060       __imp_FltSendMessage       0000000000015060     fltMgr:FLTMGR.SYS
 0002:00000068       \177FLTMGR_NULL_THUNK_DATA 0000000000015068     fltMgr:FLTMGR.SYS
 0002:00000070       __imp_KeInitializeEvent    0000000000015070     ntoskrnl:ntoskrnl.exe
 0002:00000078       __imp_KeInitializeTimer    0000000000015078     ntoskrnl:ntoskrnl.exe
 0002:00000080       __imp_PsCreateSystemThread 0000000000015080     ntoskrnl:ntoskrnl.exe
 0002:00000088       __imp_PsTerminateSystemThread 0000000000015088     ntoskrnl:ntoskrnl.exe
 0002:00000090       __imp_KeClearEvent         0000000000015090     ntoskrnl:ntoskrnl.exe
 0002:00000098       __imp_ObReferenceObjectByHandle 0000000000015098     ntoskrnl:ntoskrnl.exe
 0002:000000a0       __imp_ObfDereferenceObject 00000000000150a0     ntoskrnl:ntoskrnl.exe
 0002:000000a8       __imp_KeCancelTimer        00000000000150a8     ntoskrnl:ntoskrnl.exe
 0002:000000b0       __imp_KeBugCheckEx         00000000000150b0     ntoskrnl:ntoskrnl.exe
 0002:000000b8       __imp_RtlPrefixUnicodeString 00000000000150b8     ntoskrnl:ntoskrnl.exe
 0002:000000c0       __imp_RtlUnicodeStringToAnsiString 00000000000150c0     ntoskrnl:ntoskrnl.exe
 0002:000000c8       __imp_KeWaitForSingleObject 00000000000150c8     ntoskrnl:ntoskrnl.exe
 0002:000000d0       __imp_KeReleaseMutex       00000000000150d0     ntoskrnl:ntoskrnl.exe
 0002:000000d8       __imp_KeInitializeMutex    00000000000150d8     ntoskrnl:ntoskrnl.exe
 0002:000000e0       __imp_RtlCopyUnicodeString 00000000000150e0     ntoskrnl:ntoskrnl.exe
 0002:000000e8       __imp_RtlCompareUnicodeString 00000000000150e8     ntoskrnl:ntoskrnl.exe
 0002:000000f0       __imp_DbgPrintEx           00000000000150f0     ntoskrnl:ntoskrnl.exe
 0002:000000f8       __imp_KeSetTimer           00000000000150f8     ntoskrnl:ntoskrnl.exe
 0002:00000100       __imp_ExAllocatePool       0000000000015100     ntoskrnl:ntoskrnl.exe
 0002:00000108       __imp_KeSetEvent           0000000000015108     ntoskrnl:ntoskrnl.exe
 0002:00000110       __imp_RtlInitUnicodeString 0000000000015110     ntoskrnl:ntoskrnl.exe
 0002:00000118       __imp_ZwClose              0000000000015118     ntoskrnl:ntoskrnl.exe
 0002:00000120       __imp_ExFreePoolWithTag    0000000000015120     ntoskrnl:ntoskrnl.exe
 0002:00000128       __imp___C_specific_handler 0000000000015128     ntoskrnl:ntoskrnl.exe
 0002:00000130       \177ntoskrnl_NULL_THUNK_DATA 0000000000015130     ntoskrnl:ntoskrnl.exe
 0002:00000160       Callbacks                  0000000000015160     filemon.obj
 0002:000001e0       ContextRegistration        00000000000151e0     filemon.obj
 0002:00000250       FilterRegistration         0000000000015250     filemon.obj
 0003:00000000       HotPatchBuffer             0000000000016000     hotpatch.obj
 0003:00000100       __security_cookie          0000000000016100     BufferOverflowK:gs_support.obj
 0003:00000108       __security_cookie_complement 0000000000016108     BufferOverflowK:gs_support.obj
 0003:00000140       ThreadSleepWakeup          0000000000016140     <common>
 0003:00000160       Timer                      0000000000016160     <common>
 0003:000001a0       OcTracker                  00000000000161a0     <common>
 0003:000001e8       DriverInfoData             00000000000161e8     <common>
 0005:00000008       __security_init_cookie     0000000000018008 f   BufferOverflowK:gs_support.obj
 0005:00000064       GsDriverEntry              0000000000018064 f   BufferOverflowK:gs_support.obj
 0005:00000084       __IMPORT_DESCRIPTOR_ntoskrnl 0000000000018084     ntoskrnl:ntoskrnl.exe
 0005:00000098       __IMPORT_DESCRIPTOR_FLTMGR 0000000000018098     fltMgr:FLTMGR.SYS
 0005:000000ac       __NULL_IMPORT_DESCRIPTOR   00000000000180ac     ntoskrnl:ntoskrnl.exe

 entry point at        0005:00000064

 Static symbols

