 flmonflt

 Timestamp is 4f02ebef (Tue Jan 03 12:52:15 2012)

 Preferred load address is 00010000

 Start         Length     Name                   Class
 0001:00000000 00001afeH .text                   CODE
 0001:00001afe 00000f1cH .text$s                 CODE
 0002:00000000 000000a8H .idata$5                DATA
 0002:000000b0 00000120H .rdata                  DATA
 0002:000001d0 00000060H .rdata$debug            DATA
 0002:00000230 00000008H .rdata$sxdata           DATA
 0002:00000238 0000001cH .xdata$x                DATA
 0003:00000000 00000008H .data                   DATA
 0003:00000020 0000008cH .bss                    DATA
 0004:00000000 0000004eH INIT                    CODE
 0004:00000050 00000028H .idata$2                CODE
 0004:00000078 00000014H .idata$3                CODE
 0004:0000008c 000000a8H .idata$4                CODE
 0004:00000134 0000036eH .idata$6                CODE

  Address         Publics by Value              Rva+Base       Lib:Object

 0000:00000002       ___safe_se_handler_count   00000002     <absolute>
 0001:00000006       _FlStopFiltering@0         00010486 f   filemon.obj
 0001:00000036       _FlStartFiltering@0        000104b6 f   filemon.obj
 0001:00000068       _DriverUnload@4            000104e8 f   filemon.obj
 0001:000000fc       _FlPostCreate@16           0001057c f   filemon.obj
 0001:00000270       _FlPreCreate@12            000106f0 f   filemon.obj
 0001:00000270       _FlPreRead@12              000106f0 f   filemon.obj
 0001:00000270       _FlPreCleanup@12           000106f0 f   filemon.obj
 0001:000002b0       _FlPostRead@16             00010730 f   filemon.obj
 0001:00000326       _FlUserspaceConnect@20     000107a6 f   filemon.obj
 0001:00000364       _FlUserspaceDisconnect@4   000107e4 f   filemon.obj
 0001:0000039e       _FlUserspaceNotify@24      0001081e f   filemon.obj
 0001:00000530       _DriverEntry@8             000109b0 f   filemon.obj
 0001:00000810       _DirectoryToWatchExists@4  00010c90 f   fldirectorylist.obj
 0001:0000086e       _DirectoriesToWatchAdd@4   00010cee f   fldirectorylist.obj
 0001:0000090a       _DirectoriesToWatchClear@4 00010d8a f   fldirectorylist.obj
 0001:0000096a       _DirectoriesToWatchPathValid@4 00010dea f   fldirectorylist.obj
 0001:000009a8       _DirectoriesToWatchInit@0  00010e28 f   fldirectorylist.obj
 0001:00000a30       _KMutexInit@4              00010eb0 f   flmutex.obj
 0001:00000a4a       _KMutexAquire@4            00010eca f   flmutex.obj
 0001:00000a6c       _KMutexRelease@4           00010eec f   flmutex.obj
 0001:00000a8c       _FlTrackerInit@4           00010f0c f   fltracker.obj
 0001:00000ada       _FlTrackerGetLastEntry@12  00010f5a f   fltracker.obj
 0001:00000b30       _FlTrackerClean@4          00010fb0 f   fltracker.obj
 0001:00000bbe       _FlTrackerSetRead@8        0001103e f   fltracker.obj
 0001:00000c0c       _FlTrackerEntryValid@4     0001108c f   fltracker.obj
 0001:00000c3c       _FlTrackerSetLastEntry@4   000110bc f   fltracker.obj
 0001:00000c72       _FlTrackerGetBestEntry@4   000110f2 f   fltracker.obj
 0001:00000d50       _FlTrackerAddEntry@12      000111d0 f   fltracker.obj
 0001:00000e62       _FlTrackerPrintListDbg@4   000112e2 f   fltracker.obj
 0001:00000f38       _FlTrackerEntryPrint@4     000113b8 f   fltracker.obj
 0001:00000fcc       _FlTrackerInfoToUserspace@8 0001144c f   fltracker.obj
 0001:00001284       _UcFilenameInit@4          00011704 f   flucfilename.obj
 0001:000012d8       _UcFilenameFree@4          00011758 f   flucfilename.obj
 0001:00001322       _UcFilenameCopy@8          000117a2 f   flucfilename.obj
 0001:0000135c       _UcFilenameEqual@8         000117dc f   flucfilename.obj
 0001:000013a0       _UcFilenameStartsWith@8    00011820 f   flucfilename.obj
 0001:000013de       _FlTimerThreadStop@0       0001185e f   fltimerthread.obj
 0001:0000148e       _TimerThreadExecRoutine@4  0001190e f   fltimerthread.obj
 0001:000015fa       _FlTimerThreadCreate@0     00011a7a f   fltimerthread.obj
 0001:000016ed       @__security_check_cookie@4 00011b6d f   BufferOverflowK:secchk.obj
 0001:00001702       ___report_gsfailure        00011b82 f   BufferOverflowK:gs_report.obj
 0001:0000172e       _memset                    00011bae f   ntoskrnl:ntoskrnl.exe
 0001:0000173a       _memcpy                    00011bba f   ntoskrnl:ntoskrnl.exe
 0001:00001746       _FltUnregisterFilter@4     00011bc6 f   fltMgr:FLTMGR.SYS
 0001:00001752       _FltCloseCommunicationPort@4 00011bd2 f   fltMgr:FLTMGR.SYS
 0001:0000175e       _FltGetFileNameInformation@12 00011bde f   fltMgr:FLTMGR.SYS
 0001:0000176a       _FltReleaseFileNameInformation@4 00011bea f   fltMgr:FLTMGR.SYS
 0001:00001776       _FltIsDirectory@12         00011bf6 f   fltMgr:FLTMGR.SYS
 0001:00001782       _FltParseFileNameInformation@4 00011c02 f   fltMgr:FLTMGR.SYS
 0001:0000178e       _FltCloseClientPort@8      00011c0e f   fltMgr:FLTMGR.SYS
 0001:0000179a       _FltStartFiltering@4       00011c1a f   fltMgr:FLTMGR.SYS
 0001:000017a6       _FltFreeSecurityDescriptor@4 00011c26 f   fltMgr:FLTMGR.SYS
 0001:000017b2       _FltCreateCommunicationPort@32 00011c32 f   fltMgr:FLTMGR.SYS
 0001:000017be       _FltBuildDefaultSecurityDescriptor@8 00011c3e f   fltMgr:FLTMGR.SYS
 0001:000017ca       _FltRegisterFilter@12      00011c4a f   fltMgr:FLTMGR.SYS
 0001:000017d6       _FltSendMessage@28         00011c56 f   fltMgr:FLTMGR.SYS
 0001:000017e4       __SEH_prolog4              00011c64 f   sehupd:sehprolg4.obj
 0001:00001829       __SEH_epilog4              00011ca9 f   sehupd:sehprolg4.obj
 0001:00001850       __except_handler4          00011cd0 f   sehupd:chandler4.obj
 0001:000019ac       __local_unwind4            00011e2c f   sehupd:exsup4.obj
 0001:00001a75       __seh_longjmp_unwind4@4    00011ef5 f   sehupd:exsup4.obj
 0001:00001a91       @_EH4_CallFilterFunc@8     00011f11 f   sehupd:exsup4.obj
 0001:00001aa8       @_EH4_TransferToHandler@8  00011f28 f   sehupd:exsup4.obj
 0001:00001aba       @_EH4_GlobalUnwind@4       00011f3a f   sehupd:exsup4.obj
 0001:00001ad4       @_EH4_LocalUnwind@16       00011f54 f   sehupd:exsup4.obj
 0001:00001af0       __NLG_Call                 00011f70 f   sehupd:_nlgsupp.obj
 0001:00001af8       _RtlUnwind@16              00011f78 f   ntoskrnl:ntoskrnl.exe
 0001:00001afe       ??_C@_0BN@HGBEOAFB@?$FLflmonflt?$FN?5Filter?5disabled?4?6?$AA@FNODOBFM@ 00011f7e     filemon.obj
 0001:00001b1c       ??_C@_0CF@FHAPKEBM@?$FLflmonflt?$FN?5Filter?5already?5disabl@FNODOBFM@ 00011f9c     filemon.obj
 0001:00001b42       ??_C@_0BP@CJOJGOFB@?$FLflmonflt?$FN?5Filter?5now?5active?4?6?$AA@FNODOBFM@ 00011fc2     filemon.obj
 0001:00001b62       ??_C@_0CD@INNPAKPK@?$FLflmonflt?$FN?5Filter?5already?5active@FNODOBFM@ 00011fe2     filemon.obj
 0001:00001b86       ??_C@_0BN@DFCIGNCC@?$FLflmonflt?$FN?5Driver?5unloaded?4?6?$AA@FNODOBFM@ 00012006     filemon.obj
 0001:00001ba4       ??_C@_0DC@KILBJFGM@?$FLflmonflt?3POSTOP?3MJ_CREATE?$FN?5File@FNODOBFM@ 00012024     filemon.obj
 0001:00001bd6       ??_C@_0ED@PPOKNEAE@?$FLflmonflt?3POSTOP?3MJ_CREATE?$FN?5FlTr@FNODOBFM@ 00012056     filemon.obj
 0001:00001c1a       ??_C@_0CF@MPDHJDKL@?$FLflmonflt?$FN?5SL_OPEN_TARGET_DIRECT@FNODOBFM@ 0001209a     filemon.obj
 0001:00001c40       ??_C@_0EA@HCLEHEAM@?$FLflmonflt?3POSTOP?3MJ_CREATE?$FN?5FltI@FNODOBFM@ 000120c0     filemon.obj
 0001:00001c80       ??_C@_0EL@LMOIIGMN@?$FLflmonflt?3POSTOP?3MJ_READ?$FN?5FltPar@FNODOBFM@ 00012100     filemon.obj
 0001:00001ccc       ??_C@_0CB@BHBMIMGE@?$FLflmonflt?$FN?5Userspace?5connected?4?6@FNODOBFM@ 0001214c     filemon.obj
 0001:00001cee       ??_C@_0CE@ODLJGGGJ@?$FLflmonflt?$FN?5Userspace?5disconnecte@FNODOBFM@ 0001216e     filemon.obj
 0001:00001d12       ??_C@_0DG@OHMKKDNH@?$FLflmonflt?$FN?5Userspace?5notify?0?5Inv@FNODOBFM@ 00012192     filemon.obj
 0001:00001d48       ??_C@_0BO@IFDACPIL@?$FLflmonflt?$FN?5Filter?5state?3?5?$CFd?4?6?$AA@FNODOBFM@ 000121c8     filemon.obj
 0001:00001d66       ??_C@_0DF@EMJIGBH@?$FLflmonflt?$FN?5Userspace?5notify?0?5Dir@FNODOBFM@ 000121e6     filemon.obj
 0001:00001d9c       ??_C@_0DE@KIBJKFBH@?$FLflmonflt?$FN?5Userspace?5notify?0?5Dir@FNODOBFM@ 0001221c     filemon.obj
 0001:00001dd0       ??_C@_0DK@GBLLNDCM@?$FLflmonflt?$FN?5Userspace?5notify?0?5Inv@FNODOBFM@ 00012250     filemon.obj
 0001:00001e0a       ??_C@_0DB@DKINAJCH@?$FLflmonflt?$FN?5Userspace?5notify?0?5siz@FNODOBFM@ 0001228a     filemon.obj
 0001:00001e3c       ??_C@_0EG@IEMFCKJ@?$FLflmonflt?$FN?5Userspace?5notify?0?5Inv@FNODOBFM@ 000122bc     filemon.obj
 0001:00001e82       ??_C@_0EM@OGAJKDGG@?$FLflmonflt?$FN?5Userspace?5notify?0?5Inv@FNODOBFM@ 00012302     filemon.obj
 0001:00001ece       ??_C@_0EC@MNHHJEDB@?$FLflmonflt?$FN?5Userspace?5notify?0?5Inv@FNODOBFM@ 0001234e     filemon.obj
 0001:00001f10       ??_C@_0CM@LNABGHJJ@?$FLflmonflt?$FN?5Driver?5initialisation@FNODOBFM@ 00012390     filemon.obj
 0001:00001f3c       ??_C@_0CI@HNHDMLOC@?$FLflmonflt?$FN?5FltStartFiltering?5ERR@FNODOBFM@ 000123bc     filemon.obj
 0001:00001f64       ??_C@_0CE@ELEHEILK@?$FLflmonflt?$FN?5Port?5creation?5finishe@FNODOBFM@ 000123e4     filemon.obj
 0001:00001f88       ??_C@_0CB@NILLAGHO@?$FLflmonflt?$FN?5Port?5creation?5failed?4@FNODOBFM@ 00012408     filemon.obj
 0001:00001faa       ??_C@_1BO@IGGINGJM@?$AA?2?$AAF?$AAl?$AAF?$AAi?$AAl?$AAe?$AAM?$AAo?$AAn?$AAi?$AAt?$AAo?$AAr?$AA?$AA@FNODOBFM@ 0001242a     filemon.obj
 0001:00001fc8       ??_C@_01EEMJAFIK@?6?$AA@FNODOBFM@ 00012448     filemon.obj
 0001:00001fca       ??_C@_0BJ@CHCEKHNN@STATUS_INVALID_PARAMETER?$AA@FNODOBFM@ 0001244a     filemon.obj
 0001:00001fe4       ??_C@_0BO@GKEDLFHB@STATUS_INSUFFICIENT_RESOURCES?$AA@FNODOBFM@ 00012464     filemon.obj
 0001:00002002       ??_C@_0BL@KCJGOPCJ@STATUS_FLT_NOT_INITIALIZED?$AA@FNODOBFM@ 00012482     filemon.obj
 0001:0000201e       ??_C@_0BD@FAIDAAMB@UNKNOWN?5ERROR?50x?$CFx?$AA@FNODOBFM@ 0001249e     filemon.obj
 0001:00002032       ??_C@_0CH@CEIJHFMM@?$FLflmonflt?$FN?5Filter?5registration?5f@FNODOBFM@ 000124b2     filemon.obj
 0001:0000205a       ??_C@_0DF@CPLDFGIG@?$FLflmonflt?$FN?5Timer?5thread?5creation@FNODOBFM@ 000124da     filemon.obj
 0001:00002090       ??_C@_0EF@JEADKJNF@?$FLflmonflt?$FN?5Filemonitor?5Filter?5Dr@FNODOBFM@ 00012510     filemon.obj
 0001:000020d6       ??_C@_0L@EANPGPAM@1?40?40?5Beta?$AA@FNODOBFM@ 00012556     filemon.obj
 0001:000020e2       ??_C@_0CF@CEADGJFL@?$FLflmonflt?$FN?5Directory?5list?5count?3@FNODOBFM@ 00012562     fldirectorylist.obj
 0001:00002108       ??_C@_0CB@EJCKPAAP@?$FLflmonflt?$FN?5Directory?5added?3?5?$CFwZ?6@FNODOBFM@ 00012588     fldirectorylist.obj
 0001:0000212a       ??_C@_0CC@DHNAKFNE@?$FLflmonflt?$FN?5Directory?5exists?3?5?$CFwZ@FNODOBFM@ 000125aa     fldirectorylist.obj
 0001:0000214c       ??_C@_0CB@PGDKIMPP@?$FLflmonflt?$FN?5Directory?5list?5full?4?6@FNODOBFM@ 000125cc     fldirectorylist.obj
 0001:0000216e       ??_C@_0CE@GLCGLEEP@?$FLflmonflt?$FN?5Directory?5list?5cleare@FNODOBFM@ 000125ee     fldirectorylist.obj
 0001:00002192       ??_C@_0CF@JOAEPMNF@?$FLflmonflt?$FN?5Clearing?5directory?5li@FNODOBFM@ 00012612     fldirectorylist.obj
 0001:000021b8       ??_C@_0CI@IGDNACBC@?$FLflmonflt?$FN?5Directory?5list?5initia@FNODOBFM@ 00012638     fldirectorylist.obj
 0001:000021e0       ??_C@_0CB@GNOJHBNJ@?$FLflmonflt?$FN?5Tracker?5initialized?4?6@FNODOBFM@ 00012660     fltracker.obj
 0001:00002202       ??_C@_0CB@CFKNMECN@?$FLflmonflt?$FN?5Tracker?5init?5failed?4?6@FNODOBFM@ 00012682     fltracker.obj
 0001:00002224       ??_C@_0DH@NMFJAOGF@?$FLflmonflt?$FN?5Tracker?5?$CFd?5entries?5re@FNODOBFM@ 000126a4     fltracker.obj
 0001:0000225c       ??_C@_0CD@DEAOLMKO@?$FLflmonflt?$FN?5Tracker?5empty?5in?5free@FNODOBFM@ 000126dc     fltracker.obj
 0001:00002280       ??_C@_0BC@OEEAKBKE@?$FLflmonflt?$FN?5R?5?$CFwZ?6?$AA@FNODOBFM@ 00012700     fltracker.obj
 0001:00002292       ??_C@_0BL@LFIDFJHP@?$FLflmonflt?$FN?5FD?3?50x?$CFx?0?50x?$CFx?6?$AA@FNODOBFM@ 00012712     fltracker.obj
 0001:000022ae       ??_C@_0BM@OONJOEAH@?$FLflmonflt?$FN?5Last?5fcount?3?5?$CFd?6?$AA@FNODOBFM@ 0001272e     fltracker.obj
 0001:000022ca       ??_C@_0BM@COCHKJI@?$FLflmonflt?$FN?5Last?5dcount?3?5?$CFd?6?$AA@FNODOBFM@ 0001274a     fltracker.obj
 0001:000022e6       ??_C@_0BN@GFEOBFLL@?$FLflmonflt?$FN?5Trackercount?3?5?$CFd?6?$AA@FNODOBFM@ 00012766     fltracker.obj
 0001:00002304       ??_C@_0BF@IPKPFFAG@?$FLflmonflt?$FN?5?9?$DO?5?8?$CFwZ?8?6?$AA@FNODOBFM@ 00012784     fltracker.obj
 0001:0000231a       ??_C@_0CP@PFCAJEDF@?$FLflmonflt?$FN?5Tracker?5add?0?5str?5init@FNODOBFM@ 0001279a     fltracker.obj
 0001:0000234a       ??_C@_0DE@KCGHKAHB@?$FLflmonflt?$FN?5Tracker?5add?0?5entry?5al@FNODOBFM@ 000127ca     fltracker.obj
 0001:0000237e       ??_C@_0BF@GEOGCCHP@?$FLflmonflt?$FN?5?$CL?$CL?5?8?$CFwZ?8?6?$AA@FNODOBFM@ 000127fe     fltracker.obj
 0001:00002394       ??_C@_0DN@JACCMLJE@?$FLflmonflt?$FN?5ERROR?3?5Tracker?5had?5mu@FNODOBFM@ 00012814     fltracker.obj
 0001:000023d2       ??_C@_0DJ@JOIHMPBM@?$FLflmonflt?$FN?5Tracker?5dbgprint?5end?5@FNODOBFM@ 00012852     fltracker.obj
 0001:0000240c       ??_C@_0CG@HKCIGCNO@?5Path?3?5?$CFwZ?0?5Count?3?5?$CFd?0?5Readstate@FNODOBFM@ 0001288c     fltracker.obj
 0001:00002432       ??_C@_03EDEDJBEE@FIL?$AA@FNODOBFM@ 000128b2     fltracker.obj
 0001:00002436       ??_C@_03DNALGGBA@DIR?$AA@FNODOBFM@ 000128b6     fltracker.obj
 0001:0000243a       ??_C@_06POKNCOAC@INVAL?5?$AA@FNODOBFM@ 000128ba     fltracker.obj
 0001:00002442       ??_C@_06HPJKIGIE@VALID?5?$AA@FNODOBFM@ 000128c2     fltracker.obj
 0001:0000244a       ??_C@_0BA@JHNJODD@?$FLftmonflt?$FN?5?$CFd?3?5?$AA@FNODOBFM@ 000128ca     fltracker.obj
 0001:0000245a       ??_C@_0DM@HJDNMPNH@?$FLflmonflt?$FN?5Tracker?5dbgprint?5begi@FNODOBFM@ 000128da     fltracker.obj
 0001:00002496       ??_C@_0M@GGLMIFNG@?$FLftmonflt?$FN?5?$AA@FNODOBFM@ 00012916     fltracker.obj
 0001:000024a2       ??_C@_0BP@MOMJIDOM@?$FLftmonflt?$FN?5Trackerentry?5NULL?4?6?$AA@FNODOBFM@ 00012922     fltracker.obj
 0001:000024c2       ??_C@_0EM@MALNKGCC@?$FLflmonflt?3?3FlTrackerInfoToUsersp@FNODOBFM@ 00012942     fltracker.obj
 0001:0000250e       ??_C@_0BL@GHFIMKIO@?$FLflmonflt?$FN?5Send?5error?5?$CFd?4?6?$AA@FNODOBFM@ 0001298e     fltracker.obj
 0001:0000252a       ??_C@_0BM@HLAKACOO@?$FLflmonflt?$FN?5Send?5timed?5out?4?6?$AA@FNODOBFM@ 000129aa     fltracker.obj
 0001:00002546       ??_C@_0CC@PNBCBCFF@?$FLflmonflt?$FN?5Send?5OK?3?5len?$DN?$CFd?0?5?8?$CFs?8@FNODOBFM@ 000129c6     fltracker.obj
 0001:00002568       ??_C@_0BO@NGMFKHML@?$FLflmonflt?$FN?5Notify?5Type?3?5?8?$CFc?8?6?$AA@FNODOBFM@ 000129e8     fltracker.obj
 0001:00002586       ??_C@_0BO@KGGHJDFP@?$FLflmonflt?$FN?5Memcopy?$CI?$CFd?$CJ?3?5?8?$CFs?8?6?$AA@FNODOBFM@ 00012a06     fltracker.obj
 0001:000025a4       ??_C@_0CI@MCPANMDK@?$FLflmonflt?$FN?5Converted?5to?5ansi?$CI?$CFd?$CJ@FNODOBFM@ 00012a24     fltracker.obj
 0001:000025cc       ??_C@_0BN@JLFBKILL@?$FLflmonflt?$FN?5Sending?5message?4?6?$AA@FNODOBFM@ 00012a4c     fltracker.obj
 0001:000025ea       ??_C@_0DN@HCFFDLCG@?$FLflmonflt?3?3FlTrackerInfoToUsersp@FNODOBFM@ 00012a6a     fltracker.obj
 0001:00002628       ??_C@_0FD@HCBMMKOD@?$FLflmonflt?3?3FlTrackerInfoToUsersp@FNODOBFM@ 00012aa8     fltracker.obj
 0001:0000267c       ??_C@_0CO@MLPFCDE@?$FLflmonflt?$FN?5UcFilenameInit?3?5STATU@FNODOBFM@ 00012afc     flucfilename.obj
 0001:000026aa       ??_C@_0DG@MLOMFLFE@?$FLflmonflt?$FN?5UcFilenameFree?3?5STATU@FNODOBFM@ 00012b2a     flucfilename.obj
 0001:000026e0       ??_C@_0DI@OGAGEEIL@?$FLflmonflt?$FN?5UcFilenameCopy?3?5?$CI?$CBSrc@FNODOBFM@ 00012b60     flucfilename.obj
 0001:00002718       ??_C@_0DJ@OPJDJFDM@?$FLflmonflt?$FN?5UcFilenameEqual?3?5?$CI?$CBSr@FNODOBFM@ 00012b98     flucfilename.obj
 0001:00002752       ??_C@_0DO@GPEFODGP@?$FLflmonflt?$FN?5UcFilenameStartsWith?3@FNODOBFM@ 00012bd2     flucfilename.obj
 0001:00002790       ??_C@_0CB@CJENCNFM@?$FLflmonflt?$FN?5Thread?5dereferenced?4?6@FNODOBFM@ 00012c10     fltimerthread.obj
 0001:000027b2       ??_C@_0DB@DAIFMBAP@?$FLflmonflt?$FN?5Thread?5exited?0?5derefe@FNODOBFM@ 00012c32     fltimerthread.obj
 0001:000027e4       ??_C@_0CI@KDNMCIKF@?$FLflmonflt?$FN?5Waiting?5for?5thread?5to@FNODOBFM@ 00012c64     fltimerthread.obj
 0001:0000280c       ??_C@_0CD@LLKBHHHH@?$FLflmonflt?$FN?5Stopping?5timer?5thread@FNODOBFM@ 00012c8c     fltimerthread.obj
 0001:00002830       ??_C@_0CP@FBFHCBJK@?$FLflmonflt?$FN?5Terminating?5timer?5thr@FNODOBFM@ 00012cb0     fltimerthread.obj
 0001:00002860       ??_C@_0EC@JAIKLJDK@?$FLflmonflt?$FN?5Terminating?5timer?5thr@FNODOBFM@ 00012ce0     fltimerthread.obj
 0001:000028a2       ??_C@_0DL@KMDHKPCF@?$FLflmonflt?$FN?5?9?9?9?9?9?9?9?9?9?9?9?9?9?9?9?9?9?9?9?9?9@FNODOBFM@ 00012d22     fltimerthread.obj
 0001:000028de       ??_C@_0DL@PMJNCAIG@?$FLflmonflt?$FN?5?$CK?$CK?$CK?$CK?$CK?$CK?$CK?$CK?$CK?$CK?$CK?$CK?$CK?$CK?$CK?$CK?$CK?$CK?$CK?$CK?$CK@FNODOBFM@ 00012d5e     fltimerthread.obj
 0001:0000291a       ??_C@_0DL@IENAPFMG@?$FLflmonflt?$FN?5?$CK?$CK?$CK?$CK?$CK?$CK?$CK?$CK?$CK?$CK?$CK?$CK?$CK?$CK?$CK?5Timer@FNODOBFM@ 00012d9a     fltimerthread.obj
 0001:00002956       ??_C@_0BL@PIHADEAG@?$FLflmonflt?$FN?5Timer?5elapsed?4?6?$AA@FNODOBFM@ 00012dd6     fltimerthread.obj
 0001:00002972       ??_C@_0CJ@JFMDFHEE@?$FLflmonflt?$FN?5Waiting?5for?5timer?5to?5@FNODOBFM@ 00012df2     fltimerthread.obj
 0001:0000299c       ??_C@_0CD@NKDKOBND@?$FLflmonflt?$FN?5Starting?5timer?5thread@FNODOBFM@ 00012e1c     fltimerthread.obj
 0001:000029c0       ??_C@_0CM@DCMCJEBB@?$FLflmonflt?$FN?5PsCreateSystemThread?5@FNODOBFM@ 00012e40     fltimerthread.obj
 0001:000029ec       ??_C@_0CO@EKGCDDGM@?$FLflmonflt?$FN?5PsCreateSystemThread?5@FNODOBFM@ 00012e6c     fltimerthread.obj
 0002:00000000       __imp__FltRegisterFilter@12 00012f00     fltMgr:FLTMGR.SYS
 0002:00000004       __imp__FltBuildDefaultSecurityDescriptor@8 00012f04     fltMgr:FLTMGR.SYS
 0002:00000008       __imp__FltCreateCommunicationPort@32 00012f08     fltMgr:FLTMGR.SYS
 0002:0000000c       __imp__FltFreeSecurityDescriptor@4 00012f0c     fltMgr:FLTMGR.SYS
 0002:00000010       __imp__FltStartFiltering@4 00012f10     fltMgr:FLTMGR.SYS
 0002:00000014       __imp__FltCloseClientPort@8 00012f14     fltMgr:FLTMGR.SYS
 0002:00000018       __imp__FltParseFileNameInformation@4 00012f18     fltMgr:FLTMGR.SYS
 0002:0000001c       __imp__FltIsDirectory@12   00012f1c     fltMgr:FLTMGR.SYS
 0002:00000020       __imp__FltReleaseFileNameInformation@4 00012f20     fltMgr:FLTMGR.SYS
 0002:00000024       __imp__FltGetFileNameInformation@12 00012f24     fltMgr:FLTMGR.SYS
 0002:00000028       __imp__FltCloseCommunicationPort@4 00012f28     fltMgr:FLTMGR.SYS
 0002:0000002c       __imp__FltUnregisterFilter@4 00012f2c     fltMgr:FLTMGR.SYS
 0002:00000030       __imp__FltSendMessage@28   00012f30     fltMgr:FLTMGR.SYS
 0002:00000034       \177FLTMGR_NULL_THUNK_DATA 00012f34     fltMgr:FLTMGR.SYS
 0002:00000038       __imp__RtlPrefixUnicodeString@12 00012f38     ntoskrnl:ntoskrnl.exe
 0002:0000003c       __imp_@ObfDereferenceObject@4 00012f3c     ntoskrnl:ntoskrnl.exe
 0002:00000040       __imp__KeCancelTimer@4     00012f40     ntoskrnl:ntoskrnl.exe
 0002:00000044       __imp__PsTerminateSystemThread@4 00012f44     ntoskrnl:ntoskrnl.exe
 0002:00000048       __imp__KeClearEvent@4      00012f48     ntoskrnl:ntoskrnl.exe
 0002:0000004c       __imp__ZwClose@4           00012f4c     ntoskrnl:ntoskrnl.exe
 0002:00000050       __imp__memcpy              00012f50     ntoskrnl:ntoskrnl.exe
 0002:00000054       __imp__PsCreateSystemThread@28 00012f54     ntoskrnl:ntoskrnl.exe
 0002:00000058       __imp__KeInitializeTimer@4 00012f58     ntoskrnl:ntoskrnl.exe
 0002:0000005c       __imp__KeInitializeEvent@12 00012f5c     ntoskrnl:ntoskrnl.exe
 0002:00000060       __imp__KeTickCount         00012f60     ntoskrnl:ntoskrnl.exe
 0002:00000060       _KeTickCount               00012f60     ntoskrnl:ntoskrnl.exe
 0002:00000064       __imp__KeBugCheckEx@20     00012f64     ntoskrnl:ntoskrnl.exe
 0002:00000068       __imp__RtlUnicodeStringToAnsiString@12 00012f68     ntoskrnl:ntoskrnl.exe
 0002:0000006c       __imp__KeReleaseMutex@8    00012f6c     ntoskrnl:ntoskrnl.exe
 0002:00000070       __imp__KeWaitForSingleObject@20 00012f70     ntoskrnl:ntoskrnl.exe
 0002:00000074       __imp__KeInitializeMutex@8 00012f74     ntoskrnl:ntoskrnl.exe
 0002:00000078       __imp__memset              00012f78     ntoskrnl:ntoskrnl.exe
 0002:0000007c       __imp__RtlCopyUnicodeString@8 00012f7c     ntoskrnl:ntoskrnl.exe
 0002:00000080       __imp__RtlCompareUnicodeString@12 00012f80     ntoskrnl:ntoskrnl.exe
 0002:00000084       __imp__ExAllocatePool@8    00012f84     ntoskrnl:ntoskrnl.exe
 0002:00000088       __imp__RtlInitUnicodeString@8 00012f88     ntoskrnl:ntoskrnl.exe
 0002:0000008c       __imp__KeSetTimer@16       00012f8c     ntoskrnl:ntoskrnl.exe
 0002:00000090       __imp__KeSetEvent@12       00012f90     ntoskrnl:ntoskrnl.exe
 0002:00000094       __imp__ExFreePoolWithTag@8 00012f94     ntoskrnl:ntoskrnl.exe
 0002:00000098       __imp__ObReferenceObjectByHandle@24 00012f98     ntoskrnl:ntoskrnl.exe
 0002:0000009c       __imp__DbgPrintEx          00012f9c     ntoskrnl:ntoskrnl.exe
 0002:000000a0       __imp__RtlUnwind@16        00012fa0     ntoskrnl:ntoskrnl.exe
 0002:000000a4       \177ntoskrnl_NULL_THUNK_DATA 00012fa4     ntoskrnl:ntoskrnl.exe
 0002:000000d0       _Callbacks                 00012fd0     filemon.obj
 0002:00000120       _ContextRegistration       00013020     filemon.obj
 0002:00000158       _FilterRegistration        00013058     filemon.obj
 0002:00000188       __load_config_used         00013088     ntoskrnl:loadcfg.obj
 0002:00000230       ___safe_se_handler_table   00013130     <linker-defined>
 0003:00000000       ___security_cookie         00013180     BufferOverflowK:gs_support.obj
 0003:00000004       ___security_cookie_complement 00013184     BufferOverflowK:gs_support.obj
 0003:00000030       _ThreadSleepWakeup         000131b0     <common>
 0003:00000040       _Timer                     000131c0     <common>
 0003:00000080       _OcTracker                 00013200     <common>
 0003:000000a8       _DriverInfoData            00013228     <common>
 0004:00000005       ___security_init_cookie    00013285 f   BufferOverflowK:gs_support.obj
 0004:0000003e       _GsDriverEntry@8           000132be f   BufferOverflowK:gs_support.obj
 0004:00000050       __IMPORT_DESCRIPTOR_ntoskrnl 000132d0     ntoskrnl:ntoskrnl.exe
 0004:00000064       __IMPORT_DESCRIPTOR_FLTMGR 000132e4     fltMgr:FLTMGR.SYS
 0004:00000078       __NULL_IMPORT_DESCRIPTOR   000132f8     ntoskrnl:ntoskrnl.exe

 entry point at        0004:0000003e

 Static symbols

 0001:00001a2f       __unwind_handler4          00011eaf f   sehupd:exsup4.obj
