 flmonflt

 Timestamp is 4f1ef9dc (Tue Jan 24 19:35:08 2012)

 Preferred load address is 00010000

 Start         Length     Name                   Class
 0001:00000000 00001c8eH .text                   CODE
 0001:00001c8e 00001030H .text$s                 CODE
 0002:00000000 000000a8H .idata$5                DATA
 0002:000000b0 00000120H .rdata                  DATA
 0002:000001d0 00000060H .rdata$debug            DATA
 0002:00000230 00000008H .rdata$sxdata           DATA
 0002:00000238 0000001cH .xdata$x                DATA
 0003:00000000 00000008H .data                   DATA
 0003:00000020 0000008cH .bss                    DATA
 0004:00000000 0000004eH INIT                    CODE
 0004:00000050 00000028H .idata$2                CODE
 0004:00000078 00000014H .idata$3                CODE
 0004:0000008c 000000a8H .idata$4                CODE
 0004:00000134 0000036eH .idata$6                CODE

  Address         Publics by Value              Rva+Base       Lib:Object

 0000:00000002       ___safe_se_handler_count   00000002     <absolute>
 0001:00000006       _FlStopFiltering@0         00010486 f   filemon.obj
 0001:00000036       _FlStartFiltering@0        000104b6 f   filemon.obj
 0001:00000068       _DriverUnload@4            000104e8 f   filemon.obj
 0001:000000fc       _FlPostCreate@16           0001057c f   filemon.obj
 0001:00000270       _FlPostCleanup@16          000106f0 f   filemon.obj
 0001:000002e8       _FlPreCleanup@12           00010768 f   filemon.obj
 0001:000002e8       _FlPreCreate@12            00010768 f   filemon.obj
 0001:000002e8       _FlPreRead@12              00010768 f   filemon.obj
 0001:00000328       _FlPostRead@16             000107a8 f   filemon.obj
 0001:0000039e       _FlUserspaceConnect@20     0001081e f   filemon.obj
 0001:000003dc       _FlUserspaceDisconnect@4   0001085c f   filemon.obj
 0001:00000416       _FlUserspaceNotify@24      00010896 f   filemon.obj
 0001:000005a8       _DriverEntry@8             00010a28 f   filemon.obj
 0001:00000888       _DirectoryToWatchExists@4  00010d08 f   fldirectorylist.obj
 0001:000008e6       _DirectoriesToWatchAdd@4   00010d66 f   fldirectorylist.obj
 0001:00000982       _DirectoriesToWatchClear@4 00010e02 f   fldirectorylist.obj
 0001:000009e2       _DirectoriesToWatchPathValid@4 00010e62 f   fldirectorylist.obj
 0001:00000a20       _DirectoriesToWatchInit@0  00010ea0 f   fldirectorylist.obj
 0001:00000aa8       _KMutexInit@4              00010f28 f   flmutex.obj
 0001:00000ac2       _KMutexAquire@4            00010f42 f   flmutex.obj
 0001:00000ae4       _KMutexRelease@4           00010f64 f   flmutex.obj
 0001:00000b04       _FlTrackerInit@4           00010f84 f   fltracker.obj
 0001:00000b52       _FlTrackerRemoveEntry@12   00010fd2 f   fltracker.obj
 0001:00000c6e       _FlTrackerGetLastEntry@12  000110ee f   fltracker.obj
 0001:00000cc4       _FlTrackerClean@4          00011144 f   fltracker.obj
 0001:00000d52       _FlTrackerSetRead@8        000111d2 f   fltracker.obj
 0001:00000da0       _FlTrackerEntryValid@4     00011220 f   fltracker.obj
 0001:00000dd0       _FlTrackerSetLastEntry@4   00011250 f   fltracker.obj
 0001:00000e06       _FlTrackerGetBestEntry@4   00011286 f   fltracker.obj
 0001:00000ee4       _FlTrackerAddEntry@12      00011364 f   fltracker.obj
 0001:00000ff6       _FlTrackerPrintListDbg@4   00011476 f   fltracker.obj
 0001:000010cc       _FlTrackerEntryPrint@4     0001154c f   fltracker.obj
 0001:00001160       _FlTrackerInfoToUserspace@8 000115e0 f   fltracker.obj
 0001:00001418       _UcFilenameInit@4          00011898 f   flucfilename.obj
 0001:0000146c       _UcFilenameFree@4          000118ec f   flucfilename.obj
 0001:000014b6       _UcFilenameCopy@8          00011936 f   flucfilename.obj
 0001:000014f0       _UcFilenameEqual@8         00011970 f   flucfilename.obj
 0001:00001534       _UcFilenameStartsWith@8    000119b4 f   flucfilename.obj
 0001:00001572       _FlTimerThreadStop@0       000119f2 f   fltimerthread.obj
 0001:00001622       _TimerThreadExecRoutine@4  00011aa2 f   fltimerthread.obj
 0001:0000178e       _FlTimerThreadCreate@0     00011c0e f   fltimerthread.obj
 0001:00001881       @__security_check_cookie@4 00011d01 f   BufferOverflowK:secchk.obj
 0001:00001896       ___report_gsfailure        00011d16 f   BufferOverflowK:gs_report.obj
 0001:000018c2       _memset                    00011d42 f   ntoskrnl:ntoskrnl.exe
 0001:000018ce       _memcpy                    00011d4e f   ntoskrnl:ntoskrnl.exe
 0001:000018da       _FltUnregisterFilter@4     00011d5a f   fltMgr:FLTMGR.SYS
 0001:000018e6       _FltCloseCommunicationPort@4 00011d66 f   fltMgr:FLTMGR.SYS
 0001:000018f2       _FltGetFileNameInformation@12 00011d72 f   fltMgr:FLTMGR.SYS
 0001:000018fe       _FltReleaseFileNameInformation@4 00011d7e f   fltMgr:FLTMGR.SYS
 0001:0000190a       _FltIsDirectory@12         00011d8a f   fltMgr:FLTMGR.SYS
 0001:00001916       _FltParseFileNameInformation@4 00011d96 f   fltMgr:FLTMGR.SYS
 0001:00001922       _FltCloseClientPort@8      00011da2 f   fltMgr:FLTMGR.SYS
 0001:0000192e       _FltStartFiltering@4       00011dae f   fltMgr:FLTMGR.SYS
 0001:0000193a       _FltFreeSecurityDescriptor@4 00011dba f   fltMgr:FLTMGR.SYS
 0001:00001946       _FltCreateCommunicationPort@32 00011dc6 f   fltMgr:FLTMGR.SYS
 0001:00001952       _FltBuildDefaultSecurityDescriptor@8 00011dd2 f   fltMgr:FLTMGR.SYS
 0001:0000195e       _FltRegisterFilter@12      00011dde f   fltMgr:FLTMGR.SYS
 0001:0000196a       _FltSendMessage@28         00011dea f   fltMgr:FLTMGR.SYS
 0001:00001978       __SEH_prolog4              00011df8 f   sehupd:sehprolg4.obj
 0001:000019bd       __SEH_epilog4              00011e3d f   sehupd:sehprolg4.obj
 0001:000019e0       __except_handler4          00011e60 f   sehupd:chandler4.obj
 0001:00001b3c       __local_unwind4            00011fbc f   sehupd:exsup4.obj
 0001:00001c05       __seh_longjmp_unwind4@4    00012085 f   sehupd:exsup4.obj
 0001:00001c21       @_EH4_CallFilterFunc@8     000120a1 f   sehupd:exsup4.obj
 0001:00001c38       @_EH4_TransferToHandler@8  000120b8 f   sehupd:exsup4.obj
 0001:00001c4a       @_EH4_GlobalUnwind@4       000120ca f   sehupd:exsup4.obj
 0001:00001c64       @_EH4_LocalUnwind@16       000120e4 f   sehupd:exsup4.obj
 0001:00001c80       __NLG_Call                 00012100 f   sehupd:_nlgsupp.obj
 0001:00001c88       _RtlUnwind@16              00012108 f   ntoskrnl:ntoskrnl.exe
 0001:00001c8e       ??_C@_0BN@HGBEOAFB@?$FLflmonflt?$FN?5Filter?5disabled?4?6?$AA@FNODOBFM@ 0001210e     filemon.obj
 0001:00001cac       ??_C@_0CF@FHAPKEBM@?$FLflmonflt?$FN?5Filter?5already?5disabl@FNODOBFM@ 0001212c     filemon.obj
 0001:00001cd2       ??_C@_0BP@CJOJGOFB@?$FLflmonflt?$FN?5Filter?5now?5active?4?6?$AA@FNODOBFM@ 00012152     filemon.obj
 0001:00001cf2       ??_C@_0CD@INNPAKPK@?$FLflmonflt?$FN?5Filter?5already?5active@FNODOBFM@ 00012172     filemon.obj
 0001:00001d16       ??_C@_0BN@DFCIGNCC@?$FLflmonflt?$FN?5Driver?5unloaded?4?6?$AA@FNODOBFM@ 00012196     filemon.obj
 0001:00001d34       ??_C@_0DC@KILBJFGM@?$FLflmonflt?3POSTOP?3MJ_CREATE?$FN?5File@FNODOBFM@ 000121b4     filemon.obj
 0001:00001d66       ??_C@_0ED@PPOKNEAE@?$FLflmonflt?3POSTOP?3MJ_CREATE?$FN?5FlTr@FNODOBFM@ 000121e6     filemon.obj
 0001:00001daa       ??_C@_0CF@MPDHJDKL@?$FLflmonflt?$FN?5SL_OPEN_TARGET_DIRECT@FNODOBFM@ 0001222a     filemon.obj
 0001:00001dd0       ??_C@_0EA@HCLEHEAM@?$FLflmonflt?3POSTOP?3MJ_CREATE?$FN?5FltI@FNODOBFM@ 00012250     filemon.obj
 0001:00001e10       ??_C@_0EO@MHPCIJAM@?$FLflmonflt?3POSTOP?3MJ_CLEANUP?$FN?5Flt@FNODOBFM@ 00012290     filemon.obj
 0001:00001e5e       ??_C@_0EL@LMOIIGMN@?$FLflmonflt?3POSTOP?3MJ_READ?$FN?5FltPar@FNODOBFM@ 000122de     filemon.obj
 0001:00001eaa       ??_C@_0CB@BHBMIMGE@?$FLflmonflt?$FN?5Userspace?5connected?4?6@FNODOBFM@ 0001232a     filemon.obj
 0001:00001ecc       ??_C@_0CE@ODLJGGGJ@?$FLflmonflt?$FN?5Userspace?5disconnecte@FNODOBFM@ 0001234c     filemon.obj
 0001:00001ef0       ??_C@_0DG@OHMKKDNH@?$FLflmonflt?$FN?5Userspace?5notify?0?5Inv@FNODOBFM@ 00012370     filemon.obj
 0001:00001f26       ??_C@_0BO@IFDACPIL@?$FLflmonflt?$FN?5Filter?5state?3?5?$CFd?4?6?$AA@FNODOBFM@ 000123a6     filemon.obj
 0001:00001f44       ??_C@_0DF@EMJIGBH@?$FLflmonflt?$FN?5Userspace?5notify?0?5Dir@FNODOBFM@ 000123c4     filemon.obj
 0001:00001f7a       ??_C@_0DE@KIBJKFBH@?$FLflmonflt?$FN?5Userspace?5notify?0?5Dir@FNODOBFM@ 000123fa     filemon.obj
 0001:00001fae       ??_C@_0DK@GBLLNDCM@?$FLflmonflt?$FN?5Userspace?5notify?0?5Inv@FNODOBFM@ 0001242e     filemon.obj
 0001:00001fe8       ??_C@_0DB@DKINAJCH@?$FLflmonflt?$FN?5Userspace?5notify?0?5siz@FNODOBFM@ 00012468     filemon.obj
 0001:0000201a       ??_C@_0EG@IEMFCKJ@?$FLflmonflt?$FN?5Userspace?5notify?0?5Inv@FNODOBFM@ 0001249a     filemon.obj
 0001:00002060       ??_C@_0EM@OGAJKDGG@?$FLflmonflt?$FN?5Userspace?5notify?0?5Inv@FNODOBFM@ 000124e0     filemon.obj
 0001:000020ac       ??_C@_0EC@MNHHJEDB@?$FLflmonflt?$FN?5Userspace?5notify?0?5Inv@FNODOBFM@ 0001252c     filemon.obj
 0001:000020ee       ??_C@_0CM@LNABGHJJ@?$FLflmonflt?$FN?5Driver?5initialisation@FNODOBFM@ 0001256e     filemon.obj
 0001:0000211a       ??_C@_0CI@HNHDMLOC@?$FLflmonflt?$FN?5FltStartFiltering?5ERR@FNODOBFM@ 0001259a     filemon.obj
 0001:00002142       ??_C@_0CE@ELEHEILK@?$FLflmonflt?$FN?5Port?5creation?5finishe@FNODOBFM@ 000125c2     filemon.obj
 0001:00002166       ??_C@_0CB@NILLAGHO@?$FLflmonflt?$FN?5Port?5creation?5failed?4@FNODOBFM@ 000125e6     filemon.obj
 0001:00002188       ??_C@_1BO@IGGINGJM@?$AA?2?$AAF?$AAl?$AAF?$AAi?$AAl?$AAe?$AAM?$AAo?$AAn?$AAi?$AAt?$AAo?$AAr?$AA?$AA@FNODOBFM@ 00012608     filemon.obj
 0001:000021a6       ??_C@_01EEMJAFIK@?6?$AA@FNODOBFM@ 00012626     filemon.obj
 0001:000021a8       ??_C@_0BJ@CHCEKHNN@STATUS_INVALID_PARAMETER?$AA@FNODOBFM@ 00012628     filemon.obj
 0001:000021c2       ??_C@_0BO@GKEDLFHB@STATUS_INSUFFICIENT_RESOURCES?$AA@FNODOBFM@ 00012642     filemon.obj
 0001:000021e0       ??_C@_0BL@KCJGOPCJ@STATUS_FLT_NOT_INITIALIZED?$AA@FNODOBFM@ 00012660     filemon.obj
 0001:000021fc       ??_C@_0BD@FAIDAAMB@UNKNOWN?5ERROR?50x?$CFx?$AA@FNODOBFM@ 0001267c     filemon.obj
 0001:00002210       ??_C@_0CH@CEIJHFMM@?$FLflmonflt?$FN?5Filter?5registration?5f@FNODOBFM@ 00012690     filemon.obj
 0001:00002238       ??_C@_0DF@CPLDFGIG@?$FLflmonflt?$FN?5Timer?5thread?5creation@FNODOBFM@ 000126b8     filemon.obj
 0001:0000226e       ??_C@_0EF@JEADKJNF@?$FLflmonflt?$FN?5Filemonitor?5Filter?5Dr@FNODOBFM@ 000126ee     filemon.obj
 0001:000022b4       ??_C@_0L@EANPGPAM@1?40?40?5Beta?$AA@FNODOBFM@ 00012734     filemon.obj
 0001:000022c0       ??_C@_0CF@CEADGJFL@?$FLflmonflt?$FN?5Directory?5list?5count?3@FNODOBFM@ 00012740     fldirectorylist.obj
 0001:000022e6       ??_C@_0CB@EJCKPAAP@?$FLflmonflt?$FN?5Directory?5added?3?5?$CFwZ?6@FNODOBFM@ 00012766     fldirectorylist.obj
 0001:00002308       ??_C@_0CC@DHNAKFNE@?$FLflmonflt?$FN?5Directory?5exists?3?5?$CFwZ@FNODOBFM@ 00012788     fldirectorylist.obj
 0001:0000232a       ??_C@_0CB@PGDKIMPP@?$FLflmonflt?$FN?5Directory?5list?5full?4?6@FNODOBFM@ 000127aa     fldirectorylist.obj
 0001:0000234c       ??_C@_0CE@GLCGLEEP@?$FLflmonflt?$FN?5Directory?5list?5cleare@FNODOBFM@ 000127cc     fldirectorylist.obj
 0001:00002370       ??_C@_0CF@JOAEPMNF@?$FLflmonflt?$FN?5Clearing?5directory?5li@FNODOBFM@ 000127f0     fldirectorylist.obj
 0001:00002396       ??_C@_0CI@IGDNACBC@?$FLflmonflt?$FN?5Directory?5list?5initia@FNODOBFM@ 00012816     fldirectorylist.obj
 0001:000023be       ??_C@_0CB@GNOJHBNJ@?$FLflmonflt?$FN?5Tracker?5initialized?4?6@FNODOBFM@ 0001283e     fltracker.obj
 0001:000023e0       ??_C@_0CB@CFKNMECN@?$FLflmonflt?$FN?5Tracker?5init?5failed?4?6@FNODOBFM@ 00012860     fltracker.obj
 0001:00002402       ??_C@_0BF@NCIOMBGE@?$FLflmonflt?$FN?5?$DM?9?5?8?$CFwZ?8?6?$AA@FNODOBFM@ 00012882     fltracker.obj
 0001:00002418       ??_C@_0BF@BKOCCLLC@?$FLflmonflt?$FN?5?9?9?5?8?$CFwZ?8?6?$AA@FNODOBFM@ 00012898     fltracker.obj
 0001:0000242e       ??_C@_0DD@BFELMBIN@?$FLflmonflt?$FN?5Tracker?5remove?5err?0?5n@FNODOBFM@ 000128ae     fltracker.obj
 0001:00002462       ??_C@_0CP@MOMABKCB@?$FLflmonflt?$FN?5Tracker?5remove?5err?0?5e@FNODOBFM@ 000128e2     fltracker.obj
 0001:00002492       ??_C@_0DF@IDOFHFIJ@?$FLflmonflt?$FN?5Tracker?5remove?5err?0?5w@FNODOBFM@ 00012912     fltracker.obj
 0001:000024c8       ??_C@_0DH@NMFJAOGF@?$FLflmonflt?$FN?5Tracker?5?$CFd?5entries?5re@FNODOBFM@ 00012948     fltracker.obj
 0001:00002500       ??_C@_0CD@DEAOLMKO@?$FLflmonflt?$FN?5Tracker?5empty?5in?5free@FNODOBFM@ 00012980     fltracker.obj
 0001:00002524       ??_C@_0BC@OEEAKBKE@?$FLflmonflt?$FN?5R?5?$CFwZ?6?$AA@FNODOBFM@ 000129a4     fltracker.obj
 0001:00002536       ??_C@_0BL@LFIDFJHP@?$FLflmonflt?$FN?5FD?3?50x?$CFx?0?50x?$CFx?6?$AA@FNODOBFM@ 000129b6     fltracker.obj
 0001:00002552       ??_C@_0BM@OONJOEAH@?$FLflmonflt?$FN?5Last?5fcount?3?5?$CFd?6?$AA@FNODOBFM@ 000129d2     fltracker.obj
 0001:0000256e       ??_C@_0BM@COCHKJI@?$FLflmonflt?$FN?5Last?5dcount?3?5?$CFd?6?$AA@FNODOBFM@ 000129ee     fltracker.obj
 0001:0000258a       ??_C@_0BN@GFEOBFLL@?$FLflmonflt?$FN?5Trackercount?3?5?$CFd?6?$AA@FNODOBFM@ 00012a0a     fltracker.obj
 0001:000025a8       ??_C@_0BF@IPKPFFAG@?$FLflmonflt?$FN?5?9?$DO?5?8?$CFwZ?8?6?$AA@FNODOBFM@ 00012a28     fltracker.obj
 0001:000025be       ??_C@_0CP@PFCAJEDF@?$FLflmonflt?$FN?5Tracker?5add?0?5str?5init@FNODOBFM@ 00012a3e     fltracker.obj
 0001:000025ee       ??_C@_0DE@KCGHKAHB@?$FLflmonflt?$FN?5Tracker?5add?0?5entry?5al@FNODOBFM@ 00012a6e     fltracker.obj
 0001:00002622       ??_C@_0BF@GEOGCCHP@?$FLflmonflt?$FN?5?$CL?$CL?5?8?$CFwZ?8?6?$AA@FNODOBFM@ 00012aa2     fltracker.obj
 0001:00002638       ??_C@_0DN@JACCMLJE@?$FLflmonflt?$FN?5ERROR?3?5Tracker?5had?5mu@FNODOBFM@ 00012ab8     fltracker.obj
 0001:00002676       ??_C@_0DJ@JOIHMPBM@?$FLflmonflt?$FN?5Tracker?5dbgprint?5end?5@FNODOBFM@ 00012af6     fltracker.obj
 0001:000026b0       ??_C@_0CG@HKCIGCNO@?5Path?3?5?$CFwZ?0?5Count?3?5?$CFd?0?5Readstate@FNODOBFM@ 00012b30     fltracker.obj
 0001:000026d6       ??_C@_03EDEDJBEE@FIL?$AA@FNODOBFM@ 00012b56     fltracker.obj
 0001:000026da       ??_C@_03DNALGGBA@DIR?$AA@FNODOBFM@ 00012b5a     fltracker.obj
 0001:000026de       ??_C@_06POKNCOAC@INVAL?5?$AA@FNODOBFM@ 00012b5e     fltracker.obj
 0001:000026e6       ??_C@_06HPJKIGIE@VALID?5?$AA@FNODOBFM@ 00012b66     fltracker.obj
 0001:000026ee       ??_C@_0BA@JHNJODD@?$FLftmonflt?$FN?5?$CFd?3?5?$AA@FNODOBFM@ 00012b6e     fltracker.obj
 0001:000026fe       ??_C@_0DM@HJDNMPNH@?$FLflmonflt?$FN?5Tracker?5dbgprint?5begi@FNODOBFM@ 00012b7e     fltracker.obj
 0001:0000273a       ??_C@_0M@GGLMIFNG@?$FLftmonflt?$FN?5?$AA@FNODOBFM@ 00012bba     fltracker.obj
 0001:00002746       ??_C@_0BP@MOMJIDOM@?$FLftmonflt?$FN?5Trackerentry?5NULL?4?6?$AA@FNODOBFM@ 00012bc6     fltracker.obj
 0001:00002766       ??_C@_0EM@MALNKGCC@?$FLflmonflt?3?3FlTrackerInfoToUsersp@FNODOBFM@ 00012be6     fltracker.obj
 0001:000027b2       ??_C@_0BL@GHFIMKIO@?$FLflmonflt?$FN?5Send?5error?5?$CFd?4?6?$AA@FNODOBFM@ 00012c32     fltracker.obj
 0001:000027ce       ??_C@_0BM@HLAKACOO@?$FLflmonflt?$FN?5Send?5timed?5out?4?6?$AA@FNODOBFM@ 00012c4e     fltracker.obj
 0001:000027ea       ??_C@_0CC@PNBCBCFF@?$FLflmonflt?$FN?5Send?5OK?3?5len?$DN?$CFd?0?5?8?$CFs?8@FNODOBFM@ 00012c6a     fltracker.obj
 0001:0000280c       ??_C@_0BO@NGMFKHML@?$FLflmonflt?$FN?5Notify?5Type?3?5?8?$CFc?8?6?$AA@FNODOBFM@ 00012c8c     fltracker.obj
 0001:0000282a       ??_C@_0BO@KGGHJDFP@?$FLflmonflt?$FN?5Memcopy?$CI?$CFd?$CJ?3?5?8?$CFs?8?6?$AA@FNODOBFM@ 00012caa     fltracker.obj
 0001:00002848       ??_C@_0CI@MCPANMDK@?$FLflmonflt?$FN?5Converted?5to?5ansi?$CI?$CFd?$CJ@FNODOBFM@ 00012cc8     fltracker.obj
 0001:00002870       ??_C@_0BN@JLFBKILL@?$FLflmonflt?$FN?5Sending?5message?4?6?$AA@FNODOBFM@ 00012cf0     fltracker.obj
 0001:0000288e       ??_C@_0DN@HCFFDLCG@?$FLflmonflt?3?3FlTrackerInfoToUsersp@FNODOBFM@ 00012d0e     fltracker.obj
 0001:000028cc       ??_C@_0FD@HCBMMKOD@?$FLflmonflt?3?3FlTrackerInfoToUsersp@FNODOBFM@ 00012d4c     fltracker.obj
 0001:00002920       ??_C@_0CO@MLPFCDE@?$FLflmonflt?$FN?5UcFilenameInit?3?5STATU@FNODOBFM@ 00012da0     flucfilename.obj
 0001:0000294e       ??_C@_0DG@MLOMFLFE@?$FLflmonflt?$FN?5UcFilenameFree?3?5STATU@FNODOBFM@ 00012dce     flucfilename.obj
 0001:00002984       ??_C@_0DI@OGAGEEIL@?$FLflmonflt?$FN?5UcFilenameCopy?3?5?$CI?$CBSrc@FNODOBFM@ 00012e04     flucfilename.obj
 0001:000029bc       ??_C@_0DJ@OPJDJFDM@?$FLflmonflt?$FN?5UcFilenameEqual?3?5?$CI?$CBSr@FNODOBFM@ 00012e3c     flucfilename.obj
 0001:000029f6       ??_C@_0DO@GPEFODGP@?$FLflmonflt?$FN?5UcFilenameStartsWith?3@FNODOBFM@ 00012e76     flucfilename.obj
 0001:00002a34       ??_C@_0CB@CJENCNFM@?$FLflmonflt?$FN?5Thread?5dereferenced?4?6@FNODOBFM@ 00012eb4     fltimerthread.obj
 0001:00002a56       ??_C@_0DB@DAIFMBAP@?$FLflmonflt?$FN?5Thread?5exited?0?5derefe@FNODOBFM@ 00012ed6     fltimerthread.obj
 0001:00002a88       ??_C@_0CI@KDNMCIKF@?$FLflmonflt?$FN?5Waiting?5for?5thread?5to@FNODOBFM@ 00012f08     fltimerthread.obj
 0001:00002ab0       ??_C@_0CD@LLKBHHHH@?$FLflmonflt?$FN?5Stopping?5timer?5thread@FNODOBFM@ 00012f30     fltimerthread.obj
 0001:00002ad4       ??_C@_0CP@FBFHCBJK@?$FLflmonflt?$FN?5Terminating?5timer?5thr@FNODOBFM@ 00012f54     fltimerthread.obj
 0001:00002b04       ??_C@_0EC@JAIKLJDK@?$FLflmonflt?$FN?5Terminating?5timer?5thr@FNODOBFM@ 00012f84     fltimerthread.obj
 0001:00002b46       ??_C@_0DL@KMDHKPCF@?$FLflmonflt?$FN?5?9?9?9?9?9?9?9?9?9?9?9?9?9?9?9?9?9?9?9?9?9@FNODOBFM@ 00012fc6     fltimerthread.obj
 0001:00002b82       ??_C@_0DL@PMJNCAIG@?$FLflmonflt?$FN?5?$CK?$CK?$CK?$CK?$CK?$CK?$CK?$CK?$CK?$CK?$CK?$CK?$CK?$CK?$CK?$CK?$CK?$CK?$CK?$CK?$CK@FNODOBFM@ 00013002     fltimerthread.obj
 0001:00002bbe       ??_C@_0DL@IENAPFMG@?$FLflmonflt?$FN?5?$CK?$CK?$CK?$CK?$CK?$CK?$CK?$CK?$CK?$CK?$CK?$CK?$CK?$CK?$CK?5Timer@FNODOBFM@ 0001303e     fltimerthread.obj
 0001:00002bfa       ??_C@_0BL@PIHADEAG@?$FLflmonflt?$FN?5Timer?5elapsed?4?6?$AA@FNODOBFM@ 0001307a     fltimerthread.obj
 0001:00002c16       ??_C@_0CJ@JFMDFHEE@?$FLflmonflt?$FN?5Waiting?5for?5timer?5to?5@FNODOBFM@ 00013096     fltimerthread.obj
 0001:00002c40       ??_C@_0CD@NKDKOBND@?$FLflmonflt?$FN?5Starting?5timer?5thread@FNODOBFM@ 000130c0     fltimerthread.obj
 0001:00002c64       ??_C@_0CM@DCMCJEBB@?$FLflmonflt?$FN?5PsCreateSystemThread?5@FNODOBFM@ 000130e4     fltimerthread.obj
 0001:00002c90       ??_C@_0CO@EKGCDDGM@?$FLflmonflt?$FN?5PsCreateSystemThread?5@FNODOBFM@ 00013110     fltimerthread.obj
 0002:00000000       __imp__FltRegisterFilter@12 00013180     fltMgr:FLTMGR.SYS
 0002:00000004       __imp__FltBuildDefaultSecurityDescriptor@8 00013184     fltMgr:FLTMGR.SYS
 0002:00000008       __imp__FltCreateCommunicationPort@32 00013188     fltMgr:FLTMGR.SYS
 0002:0000000c       __imp__FltFreeSecurityDescriptor@4 0001318c     fltMgr:FLTMGR.SYS
 0002:00000010       __imp__FltStartFiltering@4 00013190     fltMgr:FLTMGR.SYS
 0002:00000014       __imp__FltCloseClientPort@8 00013194     fltMgr:FLTMGR.SYS
 0002:00000018       __imp__FltParseFileNameInformation@4 00013198     fltMgr:FLTMGR.SYS
 0002:0000001c       __imp__FltIsDirectory@12   0001319c     fltMgr:FLTMGR.SYS
 0002:00000020       __imp__FltReleaseFileNameInformation@4 000131a0     fltMgr:FLTMGR.SYS
 0002:00000024       __imp__FltGetFileNameInformation@12 000131a4     fltMgr:FLTMGR.SYS
 0002:00000028       __imp__FltCloseCommunicationPort@4 000131a8     fltMgr:FLTMGR.SYS
 0002:0000002c       __imp__FltUnregisterFilter@4 000131ac     fltMgr:FLTMGR.SYS
 0002:00000030       __imp__FltSendMessage@28   000131b0     fltMgr:FLTMGR.SYS
 0002:00000034       \177FLTMGR_NULL_THUNK_DATA 000131b4     fltMgr:FLTMGR.SYS
 0002:00000038       __imp__RtlPrefixUnicodeString@12 000131b8     ntoskrnl:ntoskrnl.exe
 0002:0000003c       __imp_@ObfDereferenceObject@4 000131bc     ntoskrnl:ntoskrnl.exe
 0002:00000040       __imp__KeCancelTimer@4     000131c0     ntoskrnl:ntoskrnl.exe
 0002:00000044       __imp__PsTerminateSystemThread@4 000131c4     ntoskrnl:ntoskrnl.exe
 0002:00000048       __imp__KeClearEvent@4      000131c8     ntoskrnl:ntoskrnl.exe
 0002:0000004c       __imp__ZwClose@4           000131cc     ntoskrnl:ntoskrnl.exe
 0002:00000050       __imp__memcpy              000131d0     ntoskrnl:ntoskrnl.exe
 0002:00000054       __imp__PsCreateSystemThread@28 000131d4     ntoskrnl:ntoskrnl.exe
 0002:00000058       __imp__KeInitializeTimer@4 000131d8     ntoskrnl:ntoskrnl.exe
 0002:0000005c       __imp__KeInitializeEvent@12 000131dc     ntoskrnl:ntoskrnl.exe
 0002:00000060       __imp__KeTickCount         000131e0     ntoskrnl:ntoskrnl.exe
 0002:00000060       _KeTickCount               000131e0     ntoskrnl:ntoskrnl.exe
 0002:00000064       __imp__KeBugCheckEx@20     000131e4     ntoskrnl:ntoskrnl.exe
 0002:00000068       __imp__RtlUnicodeStringToAnsiString@12 000131e8     ntoskrnl:ntoskrnl.exe
 0002:0000006c       __imp__KeReleaseMutex@8    000131ec     ntoskrnl:ntoskrnl.exe
 0002:00000070       __imp__KeWaitForSingleObject@20 000131f0     ntoskrnl:ntoskrnl.exe
 0002:00000074       __imp__KeInitializeMutex@8 000131f4     ntoskrnl:ntoskrnl.exe
 0002:00000078       __imp__memset              000131f8     ntoskrnl:ntoskrnl.exe
 0002:0000007c       __imp__RtlCopyUnicodeString@8 000131fc     ntoskrnl:ntoskrnl.exe
 0002:00000080       __imp__RtlCompareUnicodeString@12 00013200     ntoskrnl:ntoskrnl.exe
 0002:00000084       __imp__ExAllocatePool@8    00013204     ntoskrnl:ntoskrnl.exe
 0002:00000088       __imp__RtlInitUnicodeString@8 00013208     ntoskrnl:ntoskrnl.exe
 0002:0000008c       __imp__KeSetTimer@16       0001320c     ntoskrnl:ntoskrnl.exe
 0002:00000090       __imp__KeSetEvent@12       00013210     ntoskrnl:ntoskrnl.exe
 0002:00000094       __imp__ExFreePoolWithTag@8 00013214     ntoskrnl:ntoskrnl.exe
 0002:00000098       __imp__ObReferenceObjectByHandle@24 00013218     ntoskrnl:ntoskrnl.exe
 0002:0000009c       __imp__DbgPrintEx          0001321c     ntoskrnl:ntoskrnl.exe
 0002:000000a0       __imp__RtlUnwind@16        00013220     ntoskrnl:ntoskrnl.exe
 0002:000000a4       \177ntoskrnl_NULL_THUNK_DATA 00013224     ntoskrnl:ntoskrnl.exe
 0002:000000d0       _Callbacks                 00013250     filemon.obj
 0002:00000120       _ContextRegistration       000132a0     filemon.obj
 0002:00000158       _FilterRegistration        000132d8     filemon.obj
 0002:00000188       __load_config_used         00013308     ntoskrnl:loadcfg.obj
 0002:00000230       ___safe_se_handler_table   000133b0     <linker-defined>
 0003:00000000       ___security_cookie         00013400     BufferOverflowK:gs_support.obj
 0003:00000004       ___security_cookie_complement 00013404     BufferOverflowK:gs_support.obj
 0003:00000030       _ThreadSleepWakeup         00013430     <common>
 0003:00000040       _Timer                     00013440     <common>
 0003:00000080       _OcTracker                 00013480     <common>
 0003:000000a8       _DriverInfoData            000134a8     <common>
 0004:00000005       ___security_init_cookie    00013505 f   BufferOverflowK:gs_support.obj
 0004:0000003e       _GsDriverEntry@8           0001353e f   BufferOverflowK:gs_support.obj
 0004:00000050       __IMPORT_DESCRIPTOR_ntoskrnl 00013550     ntoskrnl:ntoskrnl.exe
 0004:00000064       __IMPORT_DESCRIPTOR_FLTMGR 00013564     fltMgr:FLTMGR.SYS
 0004:00000078       __NULL_IMPORT_DESCRIPTOR   00013578     ntoskrnl:ntoskrnl.exe

 entry point at        0004:0000003e

 Static symbols

 0001:00001bbf       __unwind_handler4          0001203f f   sehupd:exsup4.obj
