 flmonflt

 Timestamp is 4ef07643 (Tue Dec 20 12:49:23 2011)

 Preferred load address is 0000000000010000

 Start         Length     Name                   Class
 0001:00000000 00002955H .text                   CODE
 0001:00002960 000012cfH .text$s                 CODE
 0001:00003c30 0000002dH .text$x                 CODE
 0002:00000000 00000140H .idata$5                DATA
 0002:00000140 00000178H .rdata                  DATA
 0002:000002b8 00000064H .rdata$debug            DATA
 0002:0000031c 000000f4H .xdata                  DATA
 0003:00000000 00000110H .data                   DATA
 0003:00000120 00000110H .bss                    DATA
 0004:00000000 000001ecH .pdata                  DATA
 0005:00000000 00000082H INIT                    CODE
 0005:00000084 00000028H .idata$2                CODE
 0005:000000ac 00000014H .idata$3                CODE
 0005:000000c0 00000140H .idata$4                CODE
 0005:00000200 00000364H .idata$6                CODE

  Address         Publics by Value              Rva+Base               Lib:Object

 0000:00000000       ___safe_se_handler_count   0000000000000000     <absolute>
 0000:00000000       ___safe_se_handler_table   0000000000000000     <absolute>
 0001:00000010       DbgRaiseAssertionFailure   0000000000011010 f i filemon.obj
 0001:00000020       KeGetCurrentIrql           0000000000011020 f i filemon.obj
 0001:00000030       FlStopFiltering            0000000000011030 f   filemon.obj
 0001:00000090       FlStartFiltering           0000000000011090 f   filemon.obj
 0001:000000f0       FlFilterState              00000000000110f0 f   filemon.obj
 0001:00000110       DriverEntry                0000000000011110 f   filemon.obj
 0001:00000600       DriverUnload               0000000000011600 f   filemon.obj
 0001:000006c0       FlPreCreate                00000000000116c0 f   filemon.obj
 0001:000006c0       FlPreCleanup               00000000000116c0 f   filemon.obj
 0001:000006c0       FlPreRead                  00000000000116c0 f   filemon.obj
 0001:00000730       FlPostCreate               0000000000011730 f   filemon.obj
 0001:000009a0       FlPostRead                 00000000000119a0 f   filemon.obj
 0001:00000a90       FlUserspaceConnect         0000000000011a90 f   filemon.obj
 0001:00000b20       FlUserspaceDisconnect      0000000000011b20 f   filemon.obj
 0001:00000ba0       FlUserspaceNotify          0000000000011ba0 f   filemon.obj
 0001:00000e30       RtlInitEmptyUnicodeString  0000000000011e30 f i fldirectorylist.obj
 0001:00000e70       DirectoriesToWatchInit     0000000000011e70 f   fldirectorylist.obj
 0001:00000f70       DirectoryToWatchExists     0000000000011f70 f   fldirectorylist.obj
 0001:00001000       DirectoriesToWatchAdd      0000000000012000 f   fldirectorylist.obj
 0001:00001100       DirectoriesToWatchClear    0000000000012100 f   fldirectorylist.obj
 0001:000011a0       DirectoriesToWatchPathValid 00000000000121a0 f   fldirectorylist.obj
 0001:00001210       KMutexInit                 0000000000012210 f   flmutex.obj
 0001:00001240       KMutexAquire               0000000000012240 f   flmutex.obj
 0001:00001290       KMutexRelease              0000000000012290 f   flmutex.obj
 0001:000012c0       FlTrackerInit              00000000000122c0 f   fltracker.obj
 0001:00001330       FlTrackerAddEntry          0000000000012330 f   fltracker.obj
 0001:00001540       FlTrackerGetLastEntry      0000000000012540 f   fltracker.obj
 0001:00001600       FlTrackerClean             0000000000012600 f   fltracker.obj
 0001:00001710       FlTrackerPrintListDbg      0000000000012710 f   fltracker.obj
 0001:000018c0       FlTrackerEntryPrint        00000000000128c0 f   fltracker.obj
 0001:000019d0       FlTrackerInfoToUserspace   00000000000129d0 f   fltracker.obj
 0001:00001e50       FlTrackerSetRead           0000000000012e50 f   fltracker.obj
 0001:00001ee0       FlTrackerEntryValid        0000000000012ee0 f   fltracker.obj
 0001:00001f30       FlTrackerSetLastEntry      0000000000012f30 f   fltracker.obj
 0001:00001f80       FlTrackerGetBestEntry      0000000000012f80 f   fltracker.obj
 0001:00002140       UcFilenameInit             0000000000013140 f   flucfilename.obj
 0001:000021d0       UcFilenameFree             00000000000131d0 f   flucfilename.obj
 0001:00002250       UcFilenameCopy             0000000000013250 f   flucfilename.obj
 0001:000022a0       UcFilenameEqual            00000000000132a0 f   flucfilename.obj
 0001:00002300       UcFilenameStartsWith       0000000000013300 f   flucfilename.obj
 0001:00002360       FlTimerThreadCreate        0000000000013360 f   fltimerthread.obj
 0001:000024f0       FlTimerThreadStop          00000000000134f0 f   fltimerthread.obj
 0001:000025d0       TimerThreadExecRoutine     00000000000135d0 f   fltimerthread.obj
 0001:000027c0       __security_check_cookie    00000000000137c0 f   BufferOverflowK:amdsecgs.obj
 0001:000027e8       __report_gsfailure         00000000000137e8 f   BufferOverflowK:gs_report.obj
 0001:00002816       DbgPrint                   0000000000013816 f   ntoskrnl:ntoskrnl.exe
 0001:00002822       FltCloseClientPort         0000000000013822 f   fltMgr:FLTMGR.SYS
 0001:0000282e       FltCreateCommunicationPort 000000000001382e f   fltMgr:FLTMGR.SYS
 0001:0000283a       FltFreeSecurityDescriptor  000000000001383a f   fltMgr:FLTMGR.SYS
 0001:00002846       FltIsDirectory             0000000000013846 f   fltMgr:FLTMGR.SYS
 0001:00002852       FltGetFileNameInformation  0000000000013852 f   fltMgr:FLTMGR.SYS
 0001:0000285e       FltUnregisterFilter        000000000001385e f   fltMgr:FLTMGR.SYS
 0001:0000286a       FltCloseCommunicationPort  000000000001386a f   fltMgr:FLTMGR.SYS
 0001:00002876       FltBuildDefaultSecurityDescriptor 0000000000013876 f   fltMgr:FLTMGR.SYS
 0001:00002882       FltRegisterFilter          0000000000013882 f   fltMgr:FLTMGR.SYS
 0001:0000288e       FltReleaseFileNameInformation 000000000001388e f   fltMgr:FLTMGR.SYS
 0001:0000289a       FltParseFileNameInformation 000000000001389a f   fltMgr:FLTMGR.SYS
 0001:000028a6       FltStartFiltering          00000000000138a6 f   fltMgr:FLTMGR.SYS
 0001:000028b2       FltSendMessage             00000000000138b2 f   fltMgr:FLTMGR.SYS
 0001:000028be       __C_specific_handler       00000000000138be f   ntoskrnl:ntoskrnl.exe
 0001:000028cc       __GSHandlerCheckCommon     00000000000138cc f   ntoskrnl:gshandler.obj
 0001:00002938       __GSHandlerCheck           0000000000013938 f   ntoskrnl:gshandler.obj
 0001:00002960       ??_C@_0CF@FHAPKEBM@?$FLflmonflt?$FN?5Filter?5already?5disabl@FNODOBFM@ 0000000000013960     filemon.obj
 0001:00002990       ??_C@_0BN@HGBEOAFB@?$FLflmonflt?$FN?5Filter?5disabled?4?6?$AA@FNODOBFM@ 0000000000013990     filemon.obj
 0001:000029b0       ??_C@_0CD@INNPAKPK@?$FLflmonflt?$FN?5Filter?5already?5active@FNODOBFM@ 00000000000139b0     filemon.obj
 0001:000029e0       ??_C@_0BP@CJOJGOFB@?$FLflmonflt?$FN?5Filter?5now?5active?4?6?$AA@FNODOBFM@ 00000000000139e0     filemon.obj
 0001:00002a00       ??_C@_0L@EANPGPAM@1?40?40?5Beta?$AA@FNODOBFM@ 0000000000013a00     filemon.obj
 0001:00002a10       ??_C@_0EF@JEADKJNF@?$FLflmonflt?$FN?5Filemonitor?5Filter?5Dr@FNODOBFM@ 0000000000013a10     filemon.obj
 0001:00002a60       ??_C@_0BL@FLMJHKML@?$FLflmonflt?$FN?5Checked?5build?4?6?$AA@FNODOBFM@ 0000000000013a60     filemon.obj
 0001:00002a80       ??_C@_0DF@CPLDFGIG@?$FLflmonflt?$FN?5Timer?5thread?5creation@FNODOBFM@ 0000000000013a80     filemon.obj
 0001:00002ac0       ??_C@_0CH@CEIJHFMM@?$FLflmonflt?$FN?5Filter?5registration?5f@FNODOBFM@ 0000000000013ac0     filemon.obj
 0001:00002af0       ??_C@_0BO@GKEDLFHB@STATUS_INSUFFICIENT_RESOURCES?$AA@FNODOBFM@ 0000000000013af0     filemon.obj
 0001:00002b10       ??_C@_0BJ@CHCEKHNN@STATUS_INVALID_PARAMETER?$AA@FNODOBFM@ 0000000000013b10     filemon.obj
 0001:00002b30       ??_C@_0BL@KCJGOPCJ@STATUS_FLT_NOT_INITIALIZED?$AA@FNODOBFM@ 0000000000013b30     filemon.obj
 0001:00002b50       ??_C@_0BD@FAIDAAMB@UNKNOWN?5ERROR?50x?$CFx?$AA@FNODOBFM@ 0000000000013b50     filemon.obj
 0001:00002b70       ??_C@_01EEMJAFIK@?6?$AA@FNODOBFM@ 0000000000013b70     filemon.obj
 0001:00002b80       ??_C@_1BO@IGGINGJM@?$AA?2?$AAF?$AAl?$AAF?$AAi?$AAl?$AAe?$AAM?$AAo?$AAn?$AAi?$AAt?$AAo?$AAr?$AA?$AA@FNODOBFM@ 0000000000013b80     filemon.obj
 0001:00002ba0       ??_C@_0CB@NILLAGHO@?$FLflmonflt?$FN?5Port?5creation?5failed?4@FNODOBFM@ 0000000000013ba0     filemon.obj
 0001:00002bd0       ??_C@_0CE@ELEHEILK@?$FLflmonflt?$FN?5Port?5creation?5finishe@FNODOBFM@ 0000000000013bd0     filemon.obj
 0001:00002c00       ??_C@_0CI@HNHDMLOC@?$FLflmonflt?$FN?5FltStartFiltering?5ERR@FNODOBFM@ 0000000000013c00     filemon.obj
 0001:00002c30       ??_C@_0CM@LNABGHJJ@?$FLflmonflt?$FN?5Driver?5initialisation@FNODOBFM@ 0000000000013c30     filemon.obj
 0001:00002c60       ??_C@_0BN@DFCIGNCC@?$FLflmonflt?$FN?5Driver?5unloaded?4?6?$AA@FNODOBFM@ 0000000000013c60     filemon.obj
 0001:00002c80       ??_C@_0DC@KILBJFGM@?$FLflmonflt?3POSTOP?3MJ_CREATE?$FN?5File@FNODOBFM@ 0000000000013c80     filemon.obj
 0001:00002cc0       ??_C@_0EA@HCLEHEAM@?$FLflmonflt?3POSTOP?3MJ_CREATE?$FN?5FltI@FNODOBFM@ 0000000000013cc0     filemon.obj
 0001:00002d00       ??_C@_0CF@MPDHJDKL@?$FLflmonflt?$FN?5SL_OPEN_TARGET_DIRECT@FNODOBFM@ 0000000000013d00     filemon.obj
 0001:00002d30       ??_C@_0ED@PPOKNEAE@?$FLflmonflt?3POSTOP?3MJ_CREATE?$FN?5FlTr@FNODOBFM@ 0000000000013d30     filemon.obj
 0001:00002d80       ??_C@_0EL@LMOIIGMN@?$FLflmonflt?3POSTOP?3MJ_READ?$FN?5FltPar@FNODOBFM@ 0000000000013d80     filemon.obj
 0001:00002dd0       ??_C@_0CB@BHBMIMGE@?$FLflmonflt?$FN?5Userspace?5connected?4?6@FNODOBFM@ 0000000000013dd0     filemon.obj
 0001:00002e00       ??_C@_0CF@FOPNHIJF@EX?3?5Pageable?5code?5called?5at?5IRQL@FNODOBFM@ 0000000000013e00     filemon.obj
 0001:00002e30       ??_C@_0CE@ODLJGGGJ@?$FLflmonflt?$FN?5Userspace?5disconnecte@FNODOBFM@ 0000000000013e30     filemon.obj
 0001:00002e60       ??_C@_0EC@MNHHJEDB@?$FLflmonflt?$FN?5Userspace?5notify?0?5Inv@FNODOBFM@ 0000000000013e60     filemon.obj
 0001:00002eb0       ??_C@_0EM@OGAJKDGG@?$FLflmonflt?$FN?5Userspace?5notify?0?5Inv@FNODOBFM@ 0000000000013eb0     filemon.obj
 0001:00002f00       ??_C@_0EG@IEMFCKJ@?$FLflmonflt?$FN?5Userspace?5notify?0?5Inv@FNODOBFM@ 0000000000013f00     filemon.obj
 0001:00002f50       ??_C@_0DB@DKINAJCH@?$FLflmonflt?$FN?5Userspace?5notify?0?5siz@FNODOBFM@ 0000000000013f50     filemon.obj
 0001:00002f90       ??_C@_0DK@GBLLNDCM@?$FLflmonflt?$FN?5Userspace?5notify?0?5Inv@FNODOBFM@ 0000000000013f90     filemon.obj
 0001:00002fd0       ??_C@_0DE@KIBJKFBH@?$FLflmonflt?$FN?5Userspace?5notify?0?5Dir@FNODOBFM@ 0000000000013fd0     filemon.obj
 0001:00003010       ??_C@_0DF@EMJIGBH@?$FLflmonflt?$FN?5Userspace?5notify?0?5Dir@FNODOBFM@ 0000000000014010     filemon.obj
 0001:00003050       ??_C@_0BO@IFDACPIL@?$FLflmonflt?$FN?5Filter?5state?3?5?$CFd?4?6?$AA@FNODOBFM@ 0000000000014050     filemon.obj
 0001:00003070       ??_C@_0DG@OHMKKDNH@?$FLflmonflt?$FN?5Userspace?5notify?0?5Inv@FNODOBFM@ 0000000000014070     filemon.obj
 0001:000030b0       ??_C@_0CI@IGDNACBC@?$FLflmonflt?$FN?5Directory?5list?5initia@FNODOBFM@ 00000000000140b0     fldirectorylist.obj
 0001:000030e0       ??_C@_0CF@CEADGJFL@?$FLflmonflt?$FN?5Directory?5list?5count?3@FNODOBFM@ 00000000000140e0     fldirectorylist.obj
 0001:00003110       ??_C@_1IC@JJLLICNC@?$AA?2?$AAD?$AAe?$AAv?$AAi?$AAc?$AAe?$AA?2?$AAH?$AAa?$AAr?$AAd?$AAd?$AAi?$AAs?$AAk?$AAV?$AAo?$AAl?$AAu?$AAm?$AAe?$AA1?$AA?2?$AAU?$AAs?$AAe?$AAr?$AAs?$AA?2?$AAA?$AAd@FNODOBFM@ 0000000000014110     fldirectorylist.obj
 0001:000031a0       ??_C@_0CB@PGDKIMPP@?$FLflmonflt?$FN?5Directory?5list?5full?4?6@FNODOBFM@ 00000000000141a0     fldirectorylist.obj
 0001:000031d0       ??_C@_0CC@DHNAKFNE@?$FLflmonflt?$FN?5Directory?5exists?3?5?$CFwZ@FNODOBFM@ 00000000000141d0     fldirectorylist.obj
 0001:00003200       ??_C@_0CB@EJCKPAAP@?$FLflmonflt?$FN?5Directory?5added?3?5?$CFwZ?6@FNODOBFM@ 0000000000014200     fldirectorylist.obj
 0001:00003230       ??_C@_0CF@JOAEPMNF@?$FLflmonflt?$FN?5Clearing?5directory?5li@FNODOBFM@ 0000000000014230     fldirectorylist.obj
 0001:00003260       ??_C@_0CE@GLCGLEEP@?$FLflmonflt?$FN?5Directory?5list?5cleare@FNODOBFM@ 0000000000014260     fldirectorylist.obj
 0001:00003290       ??_C@_0CB@CFKNMECN@?$FLflmonflt?$FN?5Tracker?5init?5failed?4?6@FNODOBFM@ 0000000000014290     fltracker.obj
 0001:000032c0       ??_C@_0CB@GNOJHBNJ@?$FLflmonflt?$FN?5Tracker?5initialized?4?6@FNODOBFM@ 00000000000142c0     fltracker.obj
 0001:000032f0       ??_C@_0BF@GEOGCCHP@?$FLflmonflt?$FN?5?$CL?$CL?5?8?$CFwZ?8?6?$AA@FNODOBFM@ 00000000000142f0     fltracker.obj
 0001:00003310       ??_C@_0DE@KCGHKAHB@?$FLflmonflt?$FN?5Tracker?5add?0?5entry?5al@FNODOBFM@ 0000000000014310     fltracker.obj
 0001:00003350       ??_C@_0CP@PFCAJEDF@?$FLflmonflt?$FN?5Tracker?5add?0?5str?5init@FNODOBFM@ 0000000000014350     fltracker.obj
 0001:00003380       ??_C@_0BF@IPKPFFAG@?$FLflmonflt?$FN?5?9?$DO?5?8?$CFwZ?8?6?$AA@FNODOBFM@ 0000000000014380     fltracker.obj
 0001:000033a0       ??_C@_0CD@DEAOLMKO@?$FLflmonflt?$FN?5Tracker?5empty?5in?5free@FNODOBFM@ 00000000000143a0     fltracker.obj
 0001:000033d0       ??_C@_0DH@NMFJAOGF@?$FLflmonflt?$FN?5Tracker?5?$CFd?5entries?5re@FNODOBFM@ 00000000000143d0     fltracker.obj
 0001:00003410       ??_C@_0DM@HJDNMPNH@?$FLflmonflt?$FN?5Tracker?5dbgprint?5begi@FNODOBFM@ 0000000000014410     fltracker.obj
 0001:00003450       ??_C@_0BA@JHNJODD@?$FLftmonflt?$FN?5?$CFd?3?5?$AA@FNODOBFM@ 0000000000014450     fltracker.obj
 0001:00003460       ??_C@_06HPJKIGIE@VALID?5?$AA@FNODOBFM@ 0000000000014460     fltracker.obj
 0001:00003470       ??_C@_06POKNCOAC@INVAL?5?$AA@FNODOBFM@ 0000000000014470     fltracker.obj
 0001:00003480       ??_C@_03DNALGGBA@DIR?$AA@FNODOBFM@ 0000000000014480     fltracker.obj
 0001:00003490       ??_C@_03EDEDJBEE@FIL?$AA@FNODOBFM@ 0000000000014490     fltracker.obj
 0001:000034a0       ??_C@_0CG@HKCIGCNO@?5Path?3?5?$CFwZ?0?5Count?3?5?$CFd?0?5Readstate@FNODOBFM@ 00000000000144a0     fltracker.obj
 0001:000034d0       ??_C@_0DJ@JOIHMPBM@?$FLflmonflt?$FN?5Tracker?5dbgprint?5end?5@FNODOBFM@ 00000000000144d0     fltracker.obj
 0001:00003510       ??_C@_0DN@JACCMLJE@?$FLflmonflt?$FN?5ERROR?3?5Tracker?5had?5mu@FNODOBFM@ 0000000000014510     fltracker.obj
 0001:00003550       ??_C@_0BP@MOMJIDOM@?$FLftmonflt?$FN?5Trackerentry?5NULL?4?6?$AA@FNODOBFM@ 0000000000014550     fltracker.obj
 0001:00003570       ??_C@_0M@GGLMIFNG@?$FLftmonflt?$FN?5?$AA@FNODOBFM@ 0000000000014570     fltracker.obj
 0001:00003580       ??_C@_0FD@HCBMMKOD@?$FLflmonflt?3?3FlTrackerInfoToUsersp@FNODOBFM@ 0000000000014580     fltracker.obj
 0001:000035e0       ??_C@_0DN@HCFFDLCG@?$FLflmonflt?3?3FlTrackerInfoToUsersp@FNODOBFM@ 00000000000145e0     fltracker.obj
 0001:00003620       ??_C@_0BN@JLFBKILL@?$FLflmonflt?$FN?5Sending?5message?4?6?$AA@FNODOBFM@ 0000000000014620     fltracker.obj
 0001:00003640       ??_C@_0CI@MCPANMDK@?$FLflmonflt?$FN?5Converted?5to?5ansi?$CI?$CFd?$CJ@FNODOBFM@ 0000000000014640     fltracker.obj
 0001:00003670       ??_C@_0BO@KGGHJDFP@?$FLflmonflt?$FN?5Memcopy?$CI?$CFd?$CJ?3?5?8?$CFs?8?6?$AA@FNODOBFM@ 0000000000014670     fltracker.obj
 0001:00003690       ??_C@_0BO@NGMFKHML@?$FLflmonflt?$FN?5Notify?5Type?3?5?8?$CFc?8?6?$AA@FNODOBFM@ 0000000000014690     fltracker.obj
 0001:000036b0       ??_C@_0CC@PNBCBCFF@?$FLflmonflt?$FN?5Send?5OK?3?5len?$DN?$CFd?0?5?8?$CFs?8@FNODOBFM@ 00000000000146b0     fltracker.obj
 0001:000036e0       ??_C@_0BM@HLAKACOO@?$FLflmonflt?$FN?5Send?5timed?5out?4?6?$AA@FNODOBFM@ 00000000000146e0     fltracker.obj
 0001:00003700       ??_C@_0BL@GHFIMKIO@?$FLflmonflt?$FN?5Send?5error?5?$CFd?4?6?$AA@FNODOBFM@ 0000000000014700     fltracker.obj
 0001:00003720       ??_C@_0EM@MALNKGCC@?$FLflmonflt?3?3FlTrackerInfoToUsersp@FNODOBFM@ 0000000000014720     fltracker.obj
 0001:00003770       ??_C@_0BC@OEEAKBKE@?$FLflmonflt?$FN?5R?5?$CFwZ?6?$AA@FNODOBFM@ 0000000000014770     fltracker.obj
 0001:00003790       ??_C@_0BN@GFEOBFLL@?$FLflmonflt?$FN?5Trackercount?3?5?$CFd?6?$AA@FNODOBFM@ 0000000000014790     fltracker.obj
 0001:000037b0       ??_C@_0BM@COCHKJI@?$FLflmonflt?$FN?5Last?5dcount?3?5?$CFd?6?$AA@FNODOBFM@ 00000000000147b0     fltracker.obj
 0001:000037d0       ??_C@_0BM@OONJOEAH@?$FLflmonflt?$FN?5Last?5fcount?3?5?$CFd?6?$AA@FNODOBFM@ 00000000000147d0     fltracker.obj
 0001:000037f0       ??_C@_0BL@LFIDFJHP@?$FLflmonflt?$FN?5FD?3?50x?$CFx?0?50x?$CFx?6?$AA@FNODOBFM@ 00000000000147f0     fltracker.obj
 0001:00003810       ??_C@_0CO@MLPFCDE@?$FLflmonflt?$FN?5UcFilenameInit?3?5STATU@FNODOBFM@ 0000000000014810     flucfilename.obj
 0001:00003840       ??_C@_0DG@MLOMFLFE@?$FLflmonflt?$FN?5UcFilenameFree?3?5STATU@FNODOBFM@ 0000000000014840     flucfilename.obj
 0001:00003880       ??_C@_0DI@OGAGEEIL@?$FLflmonflt?$FN?5UcFilenameCopy?3?5?$CI?$CBSrc@FNODOBFM@ 0000000000014880     flucfilename.obj
 0001:000038c0       ??_C@_0DJ@OPJDJFDM@?$FLflmonflt?$FN?5UcFilenameEqual?3?5?$CI?$CBSr@FNODOBFM@ 00000000000148c0     flucfilename.obj
 0001:00003900       ??_C@_0DO@GPEFODGP@?$FLflmonflt?$FN?5UcFilenameStartsWith?3@FNODOBFM@ 0000000000014900     flucfilename.obj
 0001:00003940       ??_C@_0CO@EKGCDDGM@?$FLflmonflt?$FN?5PsCreateSystemThread?5@FNODOBFM@ 0000000000014940     fltimerthread.obj
 0001:00003970       ??_C@_0CM@DCMCJEBB@?$FLflmonflt?$FN?5PsCreateSystemThread?5@FNODOBFM@ 0000000000014970     fltimerthread.obj
 0001:000039a0       ??_C@_0CD@LLKBHHHH@?$FLflmonflt?$FN?5Stopping?5timer?5thread@FNODOBFM@ 00000000000149a0     fltimerthread.obj
 0001:000039d0       ??_C@_0CI@KDNMCIKF@?$FLflmonflt?$FN?5Waiting?5for?5thread?5to@FNODOBFM@ 00000000000149d0     fltimerthread.obj
 0001:00003a00       ??_C@_0DB@DAIFMBAP@?$FLflmonflt?$FN?5Thread?5exited?0?5derefe@FNODOBFM@ 0000000000014a00     fltimerthread.obj
 0001:00003a40       ??_C@_0CB@CJENCNFM@?$FLflmonflt?$FN?5Thread?5dereferenced?4?6@FNODOBFM@ 0000000000014a40     fltimerthread.obj
 0001:00003a70       ??_C@_0CD@NKDKOBND@?$FLflmonflt?$FN?5Starting?5timer?5thread@FNODOBFM@ 0000000000014a70     fltimerthread.obj
 0001:00003aa0       ??_C@_0EC@JAIKLJDK@?$FLflmonflt?$FN?5Terminating?5timer?5thr@FNODOBFM@ 0000000000014aa0     fltimerthread.obj
 0001:00003af0       ??_C@_0CJ@JFMDFHEE@?$FLflmonflt?$FN?5Waiting?5for?5timer?5to?5@FNODOBFM@ 0000000000014af0     fltimerthread.obj
 0001:00003b20       ??_C@_0BL@PIHADEAG@?$FLflmonflt?$FN?5Timer?5elapsed?4?6?$AA@FNODOBFM@ 0000000000014b20     fltimerthread.obj
 0001:00003b40       ??_C@_0DL@IENAPFMG@?$FLflmonflt?$FN?5?$CK?$CK?$CK?$CK?$CK?$CK?$CK?$CK?$CK?$CK?$CK?$CK?$CK?$CK?$CK?5Timer@FNODOBFM@ 0000000000014b40     fltimerthread.obj
 0001:00003b80       ??_C@_0DL@PMJNCAIG@?$FLflmonflt?$FN?5?$CK?$CK?$CK?$CK?$CK?$CK?$CK?$CK?$CK?$CK?$CK?$CK?$CK?$CK?$CK?$CK?$CK?$CK?$CK?$CK?$CK@FNODOBFM@ 0000000000014b80     fltimerthread.obj
 0001:00003bc0       ??_C@_0DL@KMDHKPCF@?$FLflmonflt?$FN?5?9?9?9?9?9?9?9?9?9?9?9?9?9?9?9?9?9?9?9?9?9@FNODOBFM@ 0000000000014bc0     fltimerthread.obj
 0001:00003c00       ??_C@_0CP@FBFHCBJK@?$FLflmonflt?$FN?5Terminating?5timer?5thr@FNODOBFM@ 0000000000014c00     fltimerthread.obj
 0002:00000000       __imp_FltStartFiltering    0000000000015000     fltMgr:FLTMGR.SYS
 0002:00000008       __imp_FltParseFileNameInformation 0000000000015008     fltMgr:FLTMGR.SYS
 0002:00000010       __imp_FltReleaseFileNameInformation 0000000000015010     fltMgr:FLTMGR.SYS
 0002:00000018       __imp_FltRegisterFilter    0000000000015018     fltMgr:FLTMGR.SYS
 0002:00000020       __imp_FltBuildDefaultSecurityDescriptor 0000000000015020     fltMgr:FLTMGR.SYS
 0002:00000028       __imp_FltCloseCommunicationPort 0000000000015028     fltMgr:FLTMGR.SYS
 0002:00000030       __imp_FltUnregisterFilter  0000000000015030     fltMgr:FLTMGR.SYS
 0002:00000038       __imp_FltGetFileNameInformation 0000000000015038     fltMgr:FLTMGR.SYS
 0002:00000040       __imp_FltIsDirectory       0000000000015040     fltMgr:FLTMGR.SYS
 0002:00000048       __imp_FltFreeSecurityDescriptor 0000000000015048     fltMgr:FLTMGR.SYS
 0002:00000050       __imp_FltCreateCommunicationPort 0000000000015050     fltMgr:FLTMGR.SYS
 0002:00000058       __imp_FltCloseClientPort   0000000000015058     fltMgr:FLTMGR.SYS
 0002:00000060       __imp_FltSendMessage       0000000000015060     fltMgr:FLTMGR.SYS
 0002:00000068       \177FLTMGR_NULL_THUNK_DATA 0000000000015068     fltMgr:FLTMGR.SYS
 0002:00000070       __imp_KeClearEvent         0000000000015070     ntoskrnl:ntoskrnl.exe
 0002:00000078       __imp_KeInitializeEvent    0000000000015078     ntoskrnl:ntoskrnl.exe
 0002:00000080       __imp_KeInitializeTimer    0000000000015080     ntoskrnl:ntoskrnl.exe
 0002:00000088       __imp_PsCreateSystemThread 0000000000015088     ntoskrnl:ntoskrnl.exe
 0002:00000090       __imp_PsTerminateSystemThread 0000000000015090     ntoskrnl:ntoskrnl.exe
 0002:00000098       __imp_RtlPrefixUnicodeString 0000000000015098     ntoskrnl:ntoskrnl.exe
 0002:000000a0       __imp_ObReferenceObjectByHandle 00000000000150a0     ntoskrnl:ntoskrnl.exe
 0002:000000a8       __imp_ObfDereferenceObject 00000000000150a8     ntoskrnl:ntoskrnl.exe
 0002:000000b0       __imp_KeCancelTimer        00000000000150b0     ntoskrnl:ntoskrnl.exe
 0002:000000b8       __imp_KeBugCheckEx         00000000000150b8     ntoskrnl:ntoskrnl.exe
 0002:000000c0       __imp_RtlUnicodeStringToAnsiString 00000000000150c0     ntoskrnl:ntoskrnl.exe
 0002:000000c8       __imp_KeWaitForSingleObject 00000000000150c8     ntoskrnl:ntoskrnl.exe
 0002:000000d0       __imp_KeReleaseMutex       00000000000150d0     ntoskrnl:ntoskrnl.exe
 0002:000000d8       __imp_KeInitializeMutex    00000000000150d8     ntoskrnl:ntoskrnl.exe
 0002:000000e0       __imp_RtlCopyUnicodeString 00000000000150e0     ntoskrnl:ntoskrnl.exe
 0002:000000e8       __imp_RtlCompareUnicodeString 00000000000150e8     ntoskrnl:ntoskrnl.exe
 0002:000000f0       __imp_DbgPrint             00000000000150f0     ntoskrnl:ntoskrnl.exe
 0002:000000f8       __imp_DbgPrintEx           00000000000150f8     ntoskrnl:ntoskrnl.exe
 0002:00000100       __imp_KeSetTimer           0000000000015100     ntoskrnl:ntoskrnl.exe
 0002:00000108       __imp_ExAllocatePool       0000000000015108     ntoskrnl:ntoskrnl.exe
 0002:00000110       __imp_KeSetEvent           0000000000015110     ntoskrnl:ntoskrnl.exe
 0002:00000118       __imp_RtlInitUnicodeString 0000000000015118     ntoskrnl:ntoskrnl.exe
 0002:00000120       __imp_ZwClose              0000000000015120     ntoskrnl:ntoskrnl.exe
 0002:00000128       __imp_ExFreePoolWithTag    0000000000015128     ntoskrnl:ntoskrnl.exe
 0002:00000130       __imp___C_specific_handler 0000000000015130     ntoskrnl:ntoskrnl.exe
 0002:00000138       \177ntoskrnl_NULL_THUNK_DATA 0000000000015138     ntoskrnl:ntoskrnl.exe
 0002:00000160       Callbacks                  0000000000015160     filemon.obj
 0002:000001e0       ContextRegistration        00000000000151e0     filemon.obj
 0002:00000250       FilterRegistration         0000000000015250     filemon.obj
 0003:00000000       HotPatchBuffer             0000000000016000     hotpatch.obj
 0003:00000100       __security_cookie          0000000000016100     BufferOverflowK:gs_support.obj
 0003:00000108       __security_cookie_complement 0000000000016108     BufferOverflowK:gs_support.obj
 0003:00000140       ThreadSleepWakeup          0000000000016140     <common>
 0003:00000160       Timer                      0000000000016160     <common>
 0003:000001a0       DebugPrintMutex            00000000000161a0     <common>
 0003:000001e0       OcTracker                  00000000000161e0     <common>
 0003:00000228       DriverInfoData             0000000000016228     <common>
 0005:00000008       __security_init_cookie     0000000000018008 f   BufferOverflowK:gs_support.obj
 0005:00000064       GsDriverEntry              0000000000018064 f   BufferOverflowK:gs_support.obj
 0005:00000084       __IMPORT_DESCRIPTOR_ntoskrnl 0000000000018084     ntoskrnl:ntoskrnl.exe
 0005:00000098       __IMPORT_DESCRIPTOR_FLTMGR 0000000000018098     fltMgr:FLTMGR.SYS
 0005:000000ac       __NULL_IMPORT_DESCRIPTOR   00000000000180ac     ntoskrnl:ntoskrnl.exe

 entry point at        0005:00000064

 Static symbols

 0001:00003c40       FlUserspaceNotify$filt$0   0000000000014c40 f    CIL library: CIL module
